Archive member included to satisfy reference by file (symbol)

c:/intelswtools/issm_2016.2.094/tools/compiler/gcc-ia/5.2.1/bin/../lib/gcc/i586-intel-elfiamcu/5.2.1/../../../../i586-intel-elfiamcu/lib\libc.a(lib_a-atoi.o)
                              ./debug/quark_se/x86/obj/ultrasonic_mb7060.o (atoi)
c:/intelswtools/issm_2016.2.094/tools/compiler/gcc-ia/5.2.1/bin/../lib/gcc/i586-intel-elfiamcu/5.2.1/../../../../i586-intel-elfiamcu/lib\libc.a(lib_a-errno.o)
                              ./debug/quark_se/x86/obj/./newlib-syscalls.o (__errno)
c:/intelswtools/issm_2016.2.094/tools/compiler/gcc-ia/5.2.1/bin/../lib/gcc/i586-intel-elfiamcu/5.2.1/../../../../i586-intel-elfiamcu/lib\libc.a(lib_a-impure.o)
                              c:/intelswtools/issm_2016.2.094/tools/compiler/gcc-ia/5.2.1/bin/../lib/gcc/i586-intel-elfiamcu/5.2.1/../../../../i586-intel-elfiamcu/lib\libc.a(lib_a-errno.o) (_impure_ptr)
c:/intelswtools/issm_2016.2.094/tools/compiler/gcc-ia/5.2.1/bin/../lib/gcc/i586-intel-elfiamcu/5.2.1/../../../../i586-intel-elfiamcu/lib\libc.a(lib_a-memcpy.o)
                              ./debug/quark_se/x86/obj/./app_entry.o (memcpy)
c:/intelswtools/issm_2016.2.094/tools/compiler/gcc-ia/5.2.1/bin/../lib/gcc/i586-intel-elfiamcu/5.2.1/../../../../i586-intel-elfiamcu/lib\libc.a(lib_a-memset.o)
                              ./debug/quark_se/x86/obj/./app_entry.o (memset)
c:/intelswtools/issm_2016.2.094/tools/compiler/gcc-ia/5.2.1/bin/../lib/gcc/i586-intel-elfiamcu/5.2.1/../../../../i586-intel-elfiamcu/lib\libc.a(lib_a-printf.o)
                              ./debug/quark_se/x86/obj/do_kit103d.o (printf)
c:/intelswtools/issm_2016.2.094/tools/compiler/gcc-ia/5.2.1/bin/../lib/gcc/i586-intel-elfiamcu/5.2.1/../../../../i586-intel-elfiamcu/lib\libc.a(lib_a-putchar.o)
                              ./debug/quark_se/x86/obj/do_kit103d.o (putchar)
c:/intelswtools/issm_2016.2.094/tools/compiler/gcc-ia/5.2.1/bin/../lib/gcc/i586-intel-elfiamcu/5.2.1/../../../../i586-intel-elfiamcu/lib\libc.a(lib_a-putc.o)
                              c:/intelswtools/issm_2016.2.094/tools/compiler/gcc-ia/5.2.1/bin/../lib/gcc/i586-intel-elfiamcu/5.2.1/../../../../i586-intel-elfiamcu/lib\libc.a(lib_a-putchar.o) (_putc_r)
c:/intelswtools/issm_2016.2.094/tools/compiler/gcc-ia/5.2.1/bin/../lib/gcc/i586-intel-elfiamcu/5.2.1/../../../../i586-intel-elfiamcu/lib\libc.a(lib_a-strtol.o)
                              c:/intelswtools/issm_2016.2.094/tools/compiler/gcc-ia/5.2.1/bin/../lib/gcc/i586-intel-elfiamcu/5.2.1/../../../../i586-intel-elfiamcu/lib\libc.a(lib_a-atoi.o) (_strtol_r)
c:/intelswtools/issm_2016.2.094/tools/compiler/gcc-ia/5.2.1/bin/../lib/gcc/i586-intel-elfiamcu/5.2.1/../../../../i586-intel-elfiamcu/lib\libc.a(lib_a-wbuf.o)
                              c:/intelswtools/issm_2016.2.094/tools/compiler/gcc-ia/5.2.1/bin/../lib/gcc/i586-intel-elfiamcu/5.2.1/../../../../i586-intel-elfiamcu/lib\libc.a(lib_a-putc.o) (__swbuf_r)
c:/intelswtools/issm_2016.2.094/tools/compiler/gcc-ia/5.2.1/bin/../lib/gcc/i586-intel-elfiamcu/5.2.1/../../../../i586-intel-elfiamcu/lib\libc.a(lib_a-wsetup.o)
                              c:/intelswtools/issm_2016.2.094/tools/compiler/gcc-ia/5.2.1/bin/../lib/gcc/i586-intel-elfiamcu/5.2.1/../../../../i586-intel-elfiamcu/lib\libc.a(lib_a-wbuf.o) (__swsetup_r)
c:/intelswtools/issm_2016.2.094/tools/compiler/gcc-ia/5.2.1/bin/../lib/gcc/i586-intel-elfiamcu/5.2.1/../../../../i586-intel-elfiamcu/lib\libc.a(lib_a-ctype_.o)
                              c:/intelswtools/issm_2016.2.094/tools/compiler/gcc-ia/5.2.1/bin/../lib/gcc/i586-intel-elfiamcu/5.2.1/../../../../i586-intel-elfiamcu/lib\libc.a(lib_a-strtol.o) (__ctype_ptr__)
c:/intelswtools/issm_2016.2.094/tools/compiler/gcc-ia/5.2.1/bin/../lib/gcc/i586-intel-elfiamcu/5.2.1/../../../../i586-intel-elfiamcu/lib\libc.a(lib_a-fflush.o)
                              c:/intelswtools/issm_2016.2.094/tools/compiler/gcc-ia/5.2.1/bin/../lib/gcc/i586-intel-elfiamcu/5.2.1/../../../../i586-intel-elfiamcu/lib\libc.a(lib_a-wbuf.o) (_fflush_r)
c:/intelswtools/issm_2016.2.094/tools/compiler/gcc-ia/5.2.1/bin/../lib/gcc/i586-intel-elfiamcu/5.2.1/../../../../i586-intel-elfiamcu/lib\libc.a(lib_a-findfp.o)
                              c:/intelswtools/issm_2016.2.094/tools/compiler/gcc-ia/5.2.1/bin/../lib/gcc/i586-intel-elfiamcu/5.2.1/../../../../i586-intel-elfiamcu/lib\libc.a(lib_a-putc.o) (__sinit)
c:/intelswtools/issm_2016.2.094/tools/compiler/gcc-ia/5.2.1/bin/../lib/gcc/i586-intel-elfiamcu/5.2.1/../../../../i586-intel-elfiamcu/lib\libc.a(lib_a-fwalk.o)
                              c:/intelswtools/issm_2016.2.094/tools/compiler/gcc-ia/5.2.1/bin/../lib/gcc/i586-intel-elfiamcu/5.2.1/../../../../i586-intel-elfiamcu/lib\libc.a(lib_a-fflush.o) (_fwalk_reent)
c:/intelswtools/issm_2016.2.094/tools/compiler/gcc-ia/5.2.1/bin/../lib/gcc/i586-intel-elfiamcu/5.2.1/../../../../i586-intel-elfiamcu/lib\libc.a(lib_a-makebuf.o)
[...]
Memory Configuration

Name             Origin             Length             Attributes
flash0           0x40000000         0x00030000         r
flash1           0x40030000         0x00030000         r
x86_esram        0xa800a000         0x000099e0         rw
x86_stack        0xa80139e0         0x000003dc         rw
x86_esram_idt    0xa8013dbc         0x00000220         rw
esram_restore_info 0xa8013fdc         0x00000004         rw
esram_gdt        0xa8013fe0         0x00000020         rw
sensor_ivt       0xa8000000         0x00000110         rw
sensor_ivt_padding 0xa8000110         0x000002f0         rw
sensor_esram     0xa8000400         0x00009800         rw
sensor_stack     0xa8009c00         0x00000400         rw
sensor_flash     0x40000000         0x0002f000         r
bl_data          0x4002f000         0x00001000         r
x86_flash        0x40030000         0x00030000         r
*default*        0x00000000         0xffffffff

Linker script and memory map

                0xa8013dbc                __idt_start = ORIGIN (x86_esram_idt)
                0xa8013fdc                __idt_end = (__idt_start + LENGTH (x86_esram_idt))
                0xa8013fdc                __x86_restore_info = ORIGIN (esram_restore_info)
                0xa8013fe0                __x86_restore_info_end = (__x86_restore_info + LENGTH (esram_restore_info))
                0xa8013fe0                __gdt_start = ORIGIN (esram_gdt)
                0xa8014000                __gdt_end = (__gdt_start + LENGTH (esram_gdt))
                0x40000000                __sensor_flash_start = ORIGIN (sensor_flash)
                0x40030000                __x86_flash_start = ORIGIN (x86_flash)
                0x4002f000                __bl_data_start = ORIGIN (bl_data)
                0xa8000000                __sensor_reset_vector = ORIGIN (sensor_ivt)
                0xa8013dbc                __stack_start = (ORIGIN (x86_stack) + LENGTH (x86_stack))

.text           0x40030000     0x5851
 *(.text.entry)
 .text.entry    0x40030000       0x41 ./debug/quark_se/x86/obj/./app_entry.o
                0x40030000                _start
 *(.text)
 .text          0x40030041      0x19e c:/intelswtools/issm_2016.2.094/tools/compiler/gcc-ia/5.2.1/bin/../lib/gcc/i586-intel-elfiamcu/5.2.1/../../../../i586-intel-elfiamcu/lib\libsoftfp.a(addsf3.o)
                0x40030041                __addsf3
 .text          0x400301df      0x103 c:/intelswtools/issm_2016.2.094/tools/compiler/gcc-ia/5.2.1/bin/../lib/gcc/i586-intel-elfiamcu/5.2.1/../../../../i586-intel-elfiamcu/lib\libsoftfp.a(mulsf3.o)
                0x400301df                __mulsf3
 .text          0x400302e2       0x51 c:/intelswtools/issm_2016.2.094/tools/compiler/gcc-ia/5.2.1/bin/../lib/gcc/i586-intel-elfiamcu/5.2.1/../../../../i586-intel-elfiamcu/lib\libsoftfp.a(fixsfsi.o)
                0x400302e2                __fixsfsi
 .text          0x40030333       0x53 c:/intelswtools/issm_2016.2.094/tools/compiler/gcc-ia/5.2.1/bin/../lib/gcc/i586-intel-elfiamcu/5.2.1/../../../../i586-intel-elfiamcu/lib\libsoftfp.a(floatsisf.o)
                0x40030333                __floatsisf
 *(.text.last)
 *(.text.*)
 .text.main     0x40030386      0x47b ./debug/quark_se/x86/obj/./main.o
                0x40030386                main
 .text.pico_putchar
                0x40030801       0x22 ./debug/quark_se/x86/obj/./newlib-syscalls.o
 .text.last_digit_to_char
                0x40030823       0x47 ./debug/quark_se/x86/obj/./newlib-syscalls.o
 .text.putuint  0x4003086a       0x85 ./debug/quark_se/x86/obj/./newlib-syscalls.o
 .text.pico_putchars
                0x400308ef       0x33 ./debug/quark_se/x86/obj/./newlib-syscalls.o
 .text.pico_printf
                0x40030922      0x179 ./debug/quark_se/x86/obj/./newlib-syscalls.o
                0x40030922                pico_printf
 .text.stdout_uart_setup
                0x40030a9b       0x6a ./debug/quark_se/x86/obj/./newlib-syscalls.o
                0x40030a9b                stdout_uart_setup
 .text.puts     0x40030b05       0x41 ./debug/quark_se/x86/obj/./newlib-syscalls.o
                0x40030b05                puts
 .text.clk_rtc_set_div
                0x40030b46       0x52 ./bsp/soc/quark_se/debug/quark_se/x86/obj/clk.o
                0x40030b46                clk_rtc_set_div
 .text.clk_periph_enable
                0x40030b98       0x33 ./bsp/soc/quark_se/debug/quark_se/x86/obj/clk.o
                0x40030b98                clk_periph_enable
 .text.clk_sys_udelay
                0x40030bcb       0x42 ./bsp/soc/quark_se/debug/quark_se/x86/obj/clk.o
                0x40030bcb                clk_sys_udelay
 .text.qm_power_soc_deep_sleep
                0x40030c0d       0x40 ./bsp/soc/quark_se/debug/quark_se/x86/obj/power_states.o
                0x40030c0d                qm_power_soc_deep_sleep
 .text._qm_ir_unmask_int
                0x40030c4d       0x83 ./bsp/soc/quark_se/debug/quark_se/x86/obj/qm_interrupt_router.o
                0x40030c4d                _qm_ir_unmask_int
 .text._qm_ir_mask_int
                0x40030cd0       0x83 ./bsp/soc/quark_se/debug/quark_se/x86/obj/qm_interrupt_router.o
                0x40030cd0                _qm_ir_mask_int
 .text.sensor_vectors_protect
                0x40030d53       0x15 ./bsp/soc/quark_se/debug/quark_se/x86/obj/ss_init.o
 .text.sensor_activation
                0x40030d68       0x3a ./bsp/soc/quark_se/debug/quark_se/x86/obj/ss_init.o
                0x40030d68                sensor_activation
 .text.vreg_set_mode
                0x40030da2       0x8f ./bsp/soc/quark_se/debug/quark_se/x86/obj/vreg.o
 .text.vreg_plat3p3_set_mode
                0x40030e31       0x27 ./bsp/soc/quark_se/debug/quark_se/x86/obj/vreg.o
                0x40030e31                vreg_plat3p3_set_mode
 .text.vreg_plat1p8_set_mode
                0x40030e58       0x27 ./bsp/soc/quark_se/debug/quark_se/x86/obj/vreg.o
                0x40030e58                vreg_plat1p8_set_mode
 .text.get_fertipumpA_status
                0x40030e7f       0x42 ./debug/quark_se/x86/obj/ferti_pump_status.o
                0x40030e7f                get_fertipumpA_status
 .text.get_tank_A_level
                0x40030ec1       0x42 ./debug/quark_se/x86/obj/floatswitch_lv600.o
                0x40030ec1                get_tank_A_level
 .text.get_tank_B_level
                0x40030f03       0x42 ./debug/quark_se/x86/obj/floatswitch_lv600.o
                0x40030f03                get_tank_B_level
 .text.get_irrigationpumpB_status
                0x40030f45       0x56 ./debug/quark_se/x86/obj/irrigation_pump_status.o
                0x40030f45                get_irrigationpumpB_status
 .text.data_input
                0x40030f9b       0x2e ./debug/quark_se/x86/obj/temp_rh_sht10.o
                0x40030f9b                data_input
 .text.data_output
                0x40030fc9       0x88 ./debug/quark_se/x86/obj/temp_rh_sht10.o
                0x40030fc9                data_output
 .text.send_ack
                0x40031051       0x7e ./debug/quark_se/x86/obj/temp_rh_sht10.o
                0x40031051                send_ack
 .text.skip_ack
                0x400310cf       0x7e ./debug/quark_se/x86/obj/temp_rh_sht10.o
                0x400310cf                skip_ack
 .text.connection_reset
                0x4003114d       0x4d ./debug/quark_se/x86/obj/temp_rh_sht10.o
                0x4003114d                connection_reset
 .text.sht11_recv_byte
                0x4003119a       0x86 ./debug/quark_se/x86/obj/temp_rh_sht10.o
                0x4003119a                sht11_recv_byte
 .text.start_transmission
                0x40031220       0xc9 ./debug/quark_se/x86/obj/temp_rh_sht10.o
                0x40031220                start_transmission
 .text.send_command
                0x400312e9      0x107 ./debug/quark_se/x86/obj/temp_rh_sht10.o
                0x400312e9                send_command
 .text.wait_for_result
                0x400313f0       0x66 ./debug/quark_se/x86/obj/temp_rh_sht10.o
                0x400313f0                wait_for_result
 .text.calc_temp
                0x40031456       0x78 ./debug/quark_se/x86/obj/temp_rh_sht10.o
                0x40031456                calc_temp
 .text.calc_rh_linear
                0x400314ce       0xb7 ./debug/quark_se/x86/obj/temp_rh_sht10.o
                0x400314ce                calc_rh_linear
 .text.get_sht10_temp
                0x40031585       0x5b ./debug/quark_se/x86/obj/temp_rh_sht10.o
                0x40031585                get_sht10_temp
 .text.get_sht10_rh_linear
                0x400315e0       0x5b ./debug/quark_se/x86/obj/temp_rh_sht10.o
                0x400315e0                get_sht10_rh_linear
 .text.cellular_3g_init
                0x4003163b      0x296 ./debug/quark_se/x86/obj/cellular_3g.o
                0x4003163b                cellular_3g_init
 .text.cellular_3g_get_token
                0x400318d1      0x910 ./debug/quark_se/x86/obj/cellular_3g.o
                0x400318d1                cellular_3g_get_token
 .text.cellular_3g_send
                0x400321e1      0x9bd ./debug/quark_se/x86/obj/cellular_3g.o
                0x400321e1                cellular_3g_send
 .text.cellular_3g_connect
                0x40032b9e      0x16d ./debug/quark_se/x86/obj/cellular_3g.o
                0x40032b9e                cellular_3g_connect
 .text.cellular_3g_recv
                0x40032d0b      0x59d ./debug/quark_se/x86/obj/cellular_3g.o
                0x40032d0b                cellular_3g_recv
 .text.cellular_3g_update_dl_status
                0x400332a8      0x3a8 ./debug/quark_se/x86/obj/cellular_3g.o
                0x400332a8                cellular_3g_update_dl_status
 .text.debug_init
                0x40033650       0x99 ./debug/quark_se/x86/obj/debug_mode.o
                0x40033650                debug_init
 .text.get_downlink_status_pumpB
                0x400336e9       0xe8 ./debug/quark_se/x86/obj/downlink_status.o
                0x400336e9                get_downlink_status_pumpB
 .text.gpio_init
                0x400337d1       0xd0 ./debug/quark_se/x86/obj/gpio.o
                0x400337d1                gpio_init
 .text.led_b_flash
                0x400338a1       0x2e ./debug/quark_se/x86/obj/gpio.o
                0x400338a1                led_b_flash
 .text.led_r_flash
                0x400338cf       0x2e ./debug/quark_se/x86/obj/gpio.o
                0x400338cf                led_r_flash
 .text.led_r_flash_init
                0x400338fd      0x100 ./debug/quark_se/x86/obj/gpio.o
                0x400338fd                led_r_flash_init
 .text.led_b_on
                0x400339fd       0x15 ./debug/quark_se/x86/obj/gpio.o
                0x400339fd                led_b_on
 .text.led_r_on
                0x40033a12       0x15 ./debug/quark_se/x86/obj/gpio.o
                0x40033a12                led_r_on
 .text.led_r_off
                0x40033a27       0x15 ./debug/quark_se/x86/obj/gpio.o
                0x40033a27                led_r_off
 .text.qm_int_vector_request
                0x40033a3c       0x1a ./debug/quark_se/x86/obj/mailbox.o
 .text.mailbox_cb
                0x40033a56       0x13 ./debug/quark_se/x86/obj/mailbox.o
                0x40033a56                mailbox_cb
 .text.request_ss_data
                0x40033a69       0x6f ./debug/quark_se/x86/obj/mailbox.o
                0x40033a69                request_ss_data
 .text.read_mailbox_data
                0x40033ad8       0xa1 ./debug/quark_se/x86/obj/mailbox.o
                0x40033ad8                read_mailbox_data
 .text.get_ss_data
                0x40033b79       0x53 ./debug/quark_se/x86/obj/mailbox.o
                0x40033b79                get_ss_data
 .text.mailbox_init
                0x40033bcc       0x6f ./debug/quark_se/x86/obj/mailbox.o
                0x40033bcc                mailbox_init
 .text.qm_int_vector_request
                0x40033c3b       0x1a ./debug/quark_se/x86/obj/power.o
 .text.setup_rtc_alarm
                0x40033c55       0x81 ./debug/quark_se/x86/obj/power.o
                0x40033c55                setup_rtc_alarm
 .text.app_deep_sleep
                0x40033cd6       0x10 ./debug/quark_se/x86/obj/power.o
 .text.enter_low_power
                0x40033ce6       0x29 ./debug/quark_se/x86/obj/power.o
                0x40033ce6                enter_low_power
 .text.radio_send_data
                0x40033d0f      0x5f9 ./debug/quark_se/x86/obj/radio.o
                0x40033d0f                radio_send_data
 .text.radio_receive_data
                0x40034308      0x1ab ./debug/quark_se/x86/obj/radio.o
                0x40034308                radio_receive_data
 .text.sensors_init
                0x400344b3        0x6 ./debug/quark_se/x86/obj/sensor.o
                0x400344b3                sensors_init
 .text.conv_to_2B_hex
                0x400344b9       0xdf ./debug/quark_se/x86/obj/utilities.o
                0x400344b9                conv_to_2B_hex
 .text.conv_to_1B_hex
                0x40034598       0x69 ./debug/quark_se/x86/obj/utilities.o
                0x40034598                conv_to_1B_hex
 .text.concat   0x40034601       0x72 ./debug/quark_se/x86/obj/utilities.o
                0x40034601                concat
 .text.int2char
                0x40034673       0x71 ./debug/quark_se/x86/obj/utilities.o
                0x40034673                int2char
 .text.xbee_init
                0x400346e4       0x2c ./debug/quark_se/x86/obj/xbee.o
                0x400346e4                xbee_init
 .text.xbee_tx  0x40034710       0x5f ./debug/quark_se/x86/obj/xbee.o
                0x40034710                xbee_tx
 .text.xbee_rx  0x4003476f       0x28 ./debug/quark_se/x86/obj/xbee.o
                0x4003476f                xbee_rx
 .text.xbee_update_dl_status
                0x40034797       0x26 ./debug/quark_se/x86/obj/xbee.o
                0x40034797                xbee_update_dl_status
 .text.on_relay1
                0x400347bd       0x1f ./debug/quark_se/x86/obj/relayshield_v3.o
                0x400347bd                on_relay1
 .text.off_relay1
                0x400347dc       0x1f ./debug/quark_se/x86/obj/relayshield_v3.o
                0x400347dc                off_relay1
 .text.on_relay3
                0x400347fb       0x1f ./debug/quark_se/x86/obj/relayshield_v3.o
                0x400347fb                on_relay3
 .text.off_relay3
                0x4003481a       0x1f ./debug/quark_se/x86/obj/relayshield_v3.o
                0x4003481a                off_relay3
 .text.memcpy   0x40034839        0xb c:/intelswtools/issm_2016.2.094/tools/compiler/gcc-ia/5.2.1/bin/../lib/gcc/i586-intel-elfiamcu/5.2.1/../../../../i586-intel-elfiamcu/lib\libc.a(lib_a-memcpy.o)
                0x40034839                memcpy
 .text.memset   0x40034844        0xe c:/intelswtools/issm_2016.2.094/tools/compiler/gcc-ia/5.2.1/bin/../lib/gcc/i586-intel-elfiamcu/5.2.1/../../../../i586-intel-elfiamcu/lib\libc.a(lib_a-memset.o)
                0x40034844                memset
 .text.__udivdi3
                0x40034852       0xe5 c:/intelswtools/issm_2016.2.094/tools/compiler/gcc-ia/5.2.1/bin/../lib/gcc/i586-intel-elfiamcu/5.2.1\libgcc.a(_udivdi3.o)
                0x40034852                __udivdi3
 .text.qm_gpio_set_config
                0x40034937       0xd4 ./bsp/build/debug/quark_se/x86/libqmsi/lib\libqmsi_quark_se_1.4.0d.a(qm_gpio.o)
                0x40034937                qm_gpio_set_config
 .text.qm_gpio_read_pin
                0x40034a0b       0x60 ./bsp/build/debug/quark_se/x86/libqmsi/lib\libqmsi_quark_se_1.4.0d.a(qm_gpio.o)
                0x40034a0b                qm_gpio_read_pin
 .text.qm_gpio_set_pin
                0x40034a6b       0x5f ./bsp/build/debug/quark_se/x86/libqmsi/lib\libqmsi_quark_se_1.4.0d.a(qm_gpio.o)
                0x40034a6b                qm_gpio_set_pin
 .text.qm_gpio_clear_pin
                0x40034aca       0x61 ./bsp/build/debug/quark_se/x86/libqmsi/lib\libqmsi_quark_se_1.4.0d.a(qm_gpio.o)
                0x40034aca                qm_gpio_clear_pin
 .text.idt_set_intr_gate_desc
                0x40034b2b       0x57 ./bsp/build/debug/quark_se/x86/libqmsi/lib\libqmsi_quark_se_1.4.0d.a(qm_interrupt.o)
 .text._ioapic_get_redtbl_entry_lo
                0x40034b82       0x22 ./bsp/build/debug/quark_se/x86/libqmsi/lib\libqmsi_quark_se_1.4.0d.a(qm_interrupt.o)
 .text._ioapic_set_redtbl_entry_lo
                0x40034ba4       0x29 ./bsp/build/debug/quark_se/x86/libqmsi/lib\libqmsi_quark_se_1.4.0d.a(qm_interrupt.o)
 .text.ioapic_register_irq
                0x40034bcd       0x5f ./bsp/build/debug/quark_se/x86/libqmsi/lib\libqmsi_quark_se_1.4.0d.a(qm_interrupt.o)
 .text.ioapic_unmask_irq
                0x40034c2c       0x29 ./bsp/build/debug/quark_se/x86/libqmsi/lib\libqmsi_quark_se_1.4.0d.a(qm_interrupt.o)
 .text._qm_irq_setup
                0x40034c55       0x22 ./bsp/build/debug/quark_se/x86/libqmsi/lib\libqmsi_quark_se_1.4.0d.a(qm_interrupt.o)
                0x40034c55                _qm_irq_setup
 .text._qm_register_isr
                0x40034c77       0x1a ./bsp/build/debug/quark_se/x86/libqmsi/lib\libqmsi_quark_se_1.4.0d.a(qm_interrupt.o)
                0x40034c77                _qm_register_isr
 .text.qm_mailbox_0_isr
                0x40034c91       0x39 ./bsp/build/debug/quark_se/x86/libqmsi/lib\libqmsi_quark_se_1.4.0d.a(qm_mailbox_se.o)
                0x40034c91                qm_mailbox_0_isr
 .text.mailbox_isr_handler
                0x40034cca       0xe4 ./bsp/build/debug/quark_se/x86/libqmsi/lib\libqmsi_quark_se_1.4.0d.a(qm_mailbox_se.o)
 .text.qm_mbox_ch_set_config
                0x40034dae      0x1b7 ./bsp/build/debug/quark_se/x86/libqmsi/lib\libqmsi_quark_se_1.4.0d.a(qm_mailbox_se.o)
                0x40034dae                qm_mbox_ch_set_config
 .text.qm_mbox_ch_write
                0x40034f65       0xbb ./bsp/build/debug/quark_se/x86/libqmsi/lib\libqmsi_quark_se_1.4.0d.a(qm_mailbox_se.o)
                0x40034f65                qm_mbox_ch_write
 .text.qm_mbox_ch_read
                0x40035020       0xf5 ./bsp/build/debug/quark_se/x86/libqmsi/lib\libqmsi_quark_se_1.4.0d.a(qm_mailbox_se.o)
                0x40035020                qm_mbox_ch_read
 .text.qm_mpr_set_config
                0x40035115       0xb8 ./bsp/build/debug/quark_se/x86/libqmsi/lib\libqmsi_quark_se_1.4.0d.a(qm_mpr.o)
                0x40035115                qm_mpr_set_config
 .text.pin_to_register
                0x400351cd       0x27 ./bsp/build/debug/quark_se/x86/libqmsi/lib\libqmsi_quark_se_1.4.0d.a(qm_pinmux.o)
 .text.pin_to_offset
                0x400351f4       0x2d ./bsp/build/debug/quark_se/x86/libqmsi/lib\libqmsi_quark_se_1.4.0d.a(qm_pinmux.o)
 .text.qm_pmux_select
                0x40035221       0xb6 ./bsp/build/debug/quark_se/x86/libqmsi/lib\libqmsi_quark_se_1.4.0d.a(qm_pinmux.o)
                0x40035221                qm_pmux_select
 .text.qm_pmux_input_en
                0x400352d7       0x9b ./bsp/build/debug/quark_se/x86/libqmsi/lib\libqmsi_quark_se_1.4.0d.a(qm_pinmux.o)
                0x400352d7                qm_pmux_input_en
 .text.qm_rtc_0_isr
                0x40035372       0x68 ./bsp/build/debug/quark_se/x86/libqmsi/lib\libqmsi_quark_se_1.4.0d.a(qm_rtc.o)
                0x40035372                qm_rtc_0_isr
 .text.qm_rtc_set_config
                0x400353da      0x127 ./bsp/build/debug/quark_se/x86/libqmsi/lib\libqmsi_quark_se_1.4.0d.a(qm_rtc.o)
                0x400353da                qm_rtc_set_config
 .text.qm_rtc_set_alarm
                0x40035501       0x6a ./bsp/build/debug/quark_se/x86/libqmsi/lib\libqmsi_quark_se_1.4.0d.a(qm_rtc.o)
                0x40035501                qm_rtc_set_alarm
 .text.qm_uart_set_config
                0x4003556b       0xe4 ./bsp/build/debug/quark_se/x86/libqmsi/lib\libqmsi_quark_se_1.4.0d.a(qm_uart.o)
                0x4003556b                qm_uart_set_config
 .text.qm_uart_get_status
                0x4003564f       0xa5 ./bsp/build/debug/quark_se/x86/libqmsi/lib\libqmsi_quark_se_1.4.0d.a(qm_uart.o)
                0x4003564f                qm_uart_get_status
 .text.qm_uart_write
                0x400356f4       0x54 ./bsp/build/debug/quark_se/x86/libqmsi/lib\libqmsi_quark_se_1.4.0d.a(qm_uart.o)
                0x400356f4                qm_uart_write
 .text.qm_uart_read
                0x40035748       0x8b ./bsp/build/debug/quark_se/x86/libqmsi/lib\libqmsi_quark_se_1.4.0d.a(qm_uart.o)
                0x40035748                qm_uart_read
 .text.qm_uart_write_buffer
                0x400357d3       0x7e ./bsp/build/debug/quark_se/x86/libqmsi/lib\libqmsi_quark_se_1.4.0d.a(qm_uart.o)
                0x400357d3                qm_uart_write_buffer

.iplt           0x40035860        0x0
 .iplt          0x40035860        0x0 ./debug/quark_se/x86/obj/./main.o

.rodata         0x40035854      0x38a
 *(.rdata*)
 *(.rodata*)
 .rodata        0x40035854       0x7e ./debug/quark_se/x86/obj/./main.o
 *fill*         0x400358d2        0x2 
 .rodata.main   0x400358d4       0x18 ./debug/quark_se/x86/obj/./main.o
 .rodata.cfg.3021
                0x400358ec        0x5 ./bsp/soc/quark_se/debug/quark_se/x86/obj/ss_init.o
 .rodata        0x400358f1        0x9 ./debug/quark_se/x86/obj/irrigation_pump_status.o
 *fill*         0x400358fa        0x2 
 .rodata        0x400358fc       0x24 ./debug/quark_se/x86/obj/temp_rh_sht10.o
 .rodata        0x40035920      0x126 ./debug/quark_se/x86/obj/cellular_3g.o
 .rodata        0x40035a46       0x24 ./debug/quark_se/x86/obj/downlink_status.o
 *fill*         0x40035a6a        0x2 
 .rodata        0x40035a6c       0x44 ./debug/quark_se/x86/obj/mailbox.o
 .rodata        0x40035ab0       0x14 ./debug/quark_se/x86/obj/power.o
 .rodata        0x40035ac4       0xee ./debug/quark_se/x86/obj/radio.o
 .rodata        0x40035bb2        0x8 ./debug/quark_se/x86/obj/xbee.o
 .rodata        0x40035bba       0x24 ./debug/quark_se/x86/obj/relayshield_v3.o

.rel.dyn        0x40035be0        0x0
 .rel.iplt      0x40035be0        0x0 ./debug/quark_se/x86/obj/./main.o
 .rel.text.main
                0x40035be0        0x0 ./debug/quark_se/x86/obj/./main.o
 .rel.text.entry
                0x40035be0        0x0 ./debug/quark_se/x86/obj/./main.o
 .rel.text.pico_putchar
                0x40035be0        0x0 ./debug/quark_se/x86/obj/./main.o
 .rel.text.stdout_uart_setup
                0x40035be0        0x0 ./debug/quark_se/x86/obj/./main.o
 .rel.text.puts
                0x40035be0        0x0 ./debug/quark_se/x86/obj/./main.o
 .rel.text.__assert_func
                0x40035be0        0x0 ./debug/quark_se/x86/obj/./main.o
 .rel.text.close
                0x40035be0        0x0 ./debug/quark_se/x86/obj/./main.o
 .rel.text.isatty
                0x40035be0        0x0 ./debug/quark_se/x86/obj/./main.o
 .rel.text.read
                0x40035be0        0x0 ./debug/quark_se/x86/obj/./main.o
 .rel.text.write
                0x40035be0        0x0 ./debug/quark_se/x86/obj/./main.o
 .rel.text.lseek
                0x40035be0        0x0 ./debug/quark_se/x86/obj/./main.o
 .rel.text.fstat
                0x40035be0        0x0 ./debug/quark_se/x86/obj/./main.o
 .rel.text.sbrk
                0x40035be0        0x0 ./debug/quark_se/x86/obj/./main.o
 .rel.data.prog_break.3636
                0x40035be0        0x0 ./debug/quark_se/x86/obj/./main.o
 .rel.text.apply_flash_timings
                0x40035be0        0x0 ./debug/quark_se/x86/obj/./main.o
 .rel.text.qm_power_soc_deep_sleep
                0x40035be0        0x0 ./debug/quark_se/x86/obj/./main.o
 .rel.text.qm_power_soc_sleep_restore
                0x40035be0        0x0 ./debug/quark_se/x86/obj/./main.o
 .rel.text.qm_power_soc_deep_sleep_restore
                0x40035be0        0x0 ./debug/quark_se/x86/obj/./main.o
 .rel.text.qm_power_sleep_wait
                0x40035be0        0x0 ./debug/quark_se/x86/obj/./main.o
 .rel.text.sensor_vectors_protect
                0x40035be0        0x0 ./debug/quark_se/x86/obj/./main.o
 .rel.text.sensor_activation
                0x40035be0        0x0 ./debug/quark_se/x86/obj/./main.o
 .rel.text.do_kit103d_init
                0x40035be0        0x0 ./debug/quark_se/x86/obj/./main.o
 .rel.text.get_do_kit103d
                0x40035be0        0x0 ./debug/quark_se/x86/obj/./main.o
 .rel.text.get_fertipumpA_status
                0x40035be0        0x0 ./debug/quark_se/x86/obj/./main.o
 .rel.text.get_tank_A_level
                0x40035be0        0x0 ./debug/quark_se/x86/obj/./main.o
 .rel.text.get_tank_B_level
                0x40035be0        0x0 ./debug/quark_se/x86/obj/./main.o
 .rel.text.get_irrigationpumpB_status
                0x40035be0        0x0 ./debug/quark_se/x86/obj/./main.o
 .rel.text.init_pm25_control
                0x40035be0        0x0 ./debug/quark_se/x86/obj/./main.o
 .rel.text.pm25_hpma115_init
                0x40035be0        0x0 ./debug/quark_se/x86/obj/./main.o
 .rel.text.get_pm25_hpma115
                0x40035be0        0x0 ./debug/quark_se/x86/obj/./main.o
 .rel.text.init_voltages_enable
                0x40035be0        0x0 ./debug/quark_se/x86/obj/./main.o
 .rel.text.init_uart
                0x40035be0        0x0 ./debug/quark_se/x86/obj/./main.o
 .rel.text.data_input
                0x40035be0        0x0 ./debug/quark_se/x86/obj/./main.o
 .rel.text.data_output
                0x40035be0        0x0 ./debug/quark_se/x86/obj/./main.o
 .rel.text.send_ack
                0x40035be0        0x0 ./debug/quark_se/x86/obj/./main.o
 .rel.text.skip_ack
                0x40035be0        0x0 ./debug/quark_se/x86/obj/./main.o
 .rel.text.connection_reset
                0x40035be0        0x0 ./debug/quark_se/x86/obj/./main.o
 .rel.text.sht11_recv_byte
                0x40035be0        0x0 ./debug/quark_se/x86/obj/./main.o
 .rel.text.start_transmission
                0x40035be0        0x0 ./debug/quark_se/x86/obj/./main.o
 .rel.text.send_command
                0x40035be0        0x0 ./debug/quark_se/x86/obj/./main.o
 .rel.text.wait_for_result
                0x40035be0        0x0 ./debug/quark_se/x86/obj/./main.o
 .rel.text.calc_temp
                0x40035be0        0x0 ./debug/quark_se/x86/obj/./main.o
 .rel.text.calc_rh_linear
                0x40035be0        0x0 ./debug/quark_se/x86/obj/./main.o
 .rel.text.calc_rh_true
                0x40035be0        0x0 ./debug/quark_se/x86/obj/./main.o
 .rel.text.get_sht10_temp
                0x40035be0        0x0 ./debug/quark_se/x86/obj/./main.o
 .rel.text.get_sht10_rh_linear
                0x40035be0        0x0 ./debug/quark_se/x86/obj/./main.o
 .rel.text.get_sht10_rh_true
                0x40035be0        0x0 ./debug/quark_se/x86/obj/./main.o
 .rel.text.init_ultrasonic_control
                0x40035be0        0x0 ./debug/quark_se/x86/obj/./main.o
 .rel.text.ultrasonic_mb7060_init
                0x40035be0        0x0 ./debug/quark_se/x86/obj/./main.o
 .rel.text.get_ultrasonic_mb7060
                0x40035be0        0x0 ./debug/quark_se/x86/obj/./main.o
 .rel.text.cellular_3g_init
                0x40035be0        0x0 ./debug/quark_se/x86/obj/./main.o
 .rel.text.cellular_3g_get_token
                0x40035be0        0x0 ./debug/quark_se/x86/obj/./main.o
 .rel.text.cellular_3g_send
                0x40035be0        0x0 ./debug/quark_se/x86/obj/./main.o
 .rel.text.cellular_3g_connect
                0x40035be0        0x0 ./debug/quark_se/x86/obj/./main.o
 .rel.text.cellular_3g_recv
                0x40035be0        0x0 ./debug/quark_se/x86/obj/./main.o
 .rel.text.cellular_3g_update_dl_status
                0x40035be0        0x0 ./debug/quark_se/x86/obj/./main.o
 .rel.text.lora_init
                0x40035be0        0x0 ./debug/quark_se/x86/obj/./main.o
 .rel.text.lora_send
                0x40035be0        0x0 ./debug/quark_se/x86/obj/./main.o
 .rel.text.lora_class_a_receive
                0x40035be0        0x0 ./debug/quark_se/x86/obj/./main.o
 .rel.text.lora_class_c_receive
                0x40035be0        0x0 ./debug/quark_se/x86/obj/./main.o
 .rel.text.debug_init
                0x40035be0        0x0 ./debug/quark_se/x86/obj/./main.o
 .rel.text.get_downlink_status_pumpA
                0x40035be0        0x0 ./debug/quark_se/x86/obj/./main.o
 .rel.text.get_downlink_status_pumpB
                0x40035be0        0x0 ./debug/quark_se/x86/obj/./main.o
 .rel.text.gpio_init
                0x40035be0        0x0 ./debug/quark_se/x86/obj/./main.o
 .rel.text.led_b_flash
                0x40035be0        0x0 ./debug/quark_se/x86/obj/./main.o
 .rel.text.led_r_flash
                0x40035be0        0x0 ./debug/quark_se/x86/obj/./main.o
 .rel.text.led_r_flash_init
                0x40035be0        0x0 ./debug/quark_se/x86/obj/./main.o
 .rel.text.led_b_on
                0x40035be0        0x0 ./debug/quark_se/x86/obj/./main.o
 .rel.text.led_b_off
                0x40035be0        0x0 ./debug/quark_se/x86/obj/./main.o
 .rel.text.led_r_on
                0x40035be0        0x0 ./debug/quark_se/x86/obj/./main.o
 .rel.text.led_r_off
                0x40035be0        0x0 ./debug/quark_se/x86/obj/./main.o
 .rel.text.qm_int_vector_request
                0x40035be0        0x0 ./debug/quark_se/x86/obj/./main.o
 .rel.text.request_ss_data
                0x40035be0        0x0 ./debug/quark_se/x86/obj/./main.o
 .rel.text.read_mailbox_data
                0x40035be0        0x0 ./debug/quark_se/x86/obj/./main.o
 .rel.text.mailbox_init
                0x40035be0        0x0 ./debug/quark_se/x86/obj/./main.o
 .rel.text.setup_rtc_alarm
                0x40035be0        0x0 ./debug/quark_se/x86/obj/./main.o
 .rel.text.radio_send_data
                0x40035be0        0x0 ./debug/quark_se/x86/obj/./main.o
 .rel.text.radio_receive_data
                0x40035be0        0x0 ./debug/quark_se/x86/obj/./main.o
 .rel.text.relayshield_init
                0x40035be0        0x0 ./debug/quark_se/x86/obj/./main.o
 .rel.text.on_relay1
                0x40035be0        0x0 ./debug/quark_se/x86/obj/./main.o
 .rel.text.off_relay1
                0x40035be0        0x0 ./debug/quark_se/x86/obj/./main.o
 .rel.text.on_relay2
                0x40035be0        0x0 ./debug/quark_se/x86/obj/./main.o
 .rel.text.off_relay2
                0x40035be0        0x0 ./debug/quark_se/x86/obj/./main.o
 .rel.text.on_relay3
                0x40035be0        0x0 ./debug/quark_se/x86/obj/./main.o
 .rel.text.off_relay3
                0x40035be0        0x0 ./debug/quark_se/x86/obj/./main.o
 .rel.text.on_relay4
                0x40035be0        0x0 ./debug/quark_se/x86/obj/./main.o
 .rel.text.off_relay4
                0x40035be0        0x0 ./debug/quark_se/x86/obj/./main.o
 .rel.text.transmit_data
                0x40035be0        0x0 ./debug/quark_se/x86/obj/./main.o
 .rel.text.handle_setup_packet
                0x40035be0        0x0 ./debug/quark_se/x86/obj/./main.o
 .rel.text.handle_out_control_transfer
                0x40035be0        0x0 ./debug/quark_se/x86/obj/./main.o
 .rel.text.set_config
                0x40035be0        0x0 ./debug/quark_se/x86/obj/./main.o
 .rel.text.handle_std_device_req
                0x40035be0        0x0 ./debug/quark_se/x86/obj/./main.o
 .rel.text.handle_std_endpoint_req
                0x40035be0        0x0 ./debug/quark_se/x86/obj/./main.o
 .rel.text.usb_enable
                0x40035be0        0x0 ./debug/quark_se/x86/obj/./main.o
 .rel.text.usb_disable
                0x40035be0        0x0 ./debug/quark_se/x86/obj/./main.o
 .rel.text.atoi
                0x40035be0        0x0 ./debug/quark_se/x86/obj/./main.o
 .rel.text._atoi_r
                0x40035be0        0x0 ./debug/quark_se/x86/obj/./main.o
 .rel.text.__errno
                0x40035be0        0x0 ./debug/quark_se/x86/obj/./main.o
 .rel.text._printf_r
                0x40035be0        0x0 ./debug/quark_se/x86/obj/./main.o
 .rel.text.printf
                0x40035be0        0x0 ./debug/quark_se/x86/obj/./main.o
 .rel.text._putchar_r
                0x40035be0        0x0 ./debug/quark_se/x86/obj/./main.o
 .rel.text.putchar
                0x40035be0        0x0 ./debug/quark_se/x86/obj/./main.o
 .rel.text._putc_r
                0x40035be0        0x0 ./debug/quark_se/x86/obj/./main.o
 .rel.text._strtol_r
                0x40035be0        0x0 ./debug/quark_se/x86/obj/./main.o
 .rel.text.__swbuf_r
                0x40035be0        0x0 ./debug/quark_se/x86/obj/./main.o
 .rel.text.__swsetup_r
                0x40035be0        0x0 ./debug/quark_se/x86/obj/./main.o
 .rel.text.__sflush_r
                0x40035be0        0x0 ./debug/quark_se/x86/obj/./main.o
 .rel.text._fflush_r
                0x40035be0        0x0 ./debug/quark_se/x86/obj/./main.o
 .rel.text.fflush
                0x40035be0        0x0 ./debug/quark_se/x86/obj/./main.o
 .rel.text._cleanup_r
                0x40035be0        0x0 ./debug/quark_se/x86/obj/./main.o
 .rel.text.std.isra.0
                0x40035be0        0x0 ./debug/quark_se/x86/obj/./main.o
 .rel.text.__sfmoreglue
                0x40035be0        0x0 ./debug/quark_se/x86/obj/./main.o
 .rel.text.__smakebuf_r
                0x40035be0        0x0 ./debug/quark_se/x86/obj/./main.o
 .rel.text._free_r
                0x40035be0        0x0 ./debug/quark_se/x86/obj/./main.o
 .rel.text.__sprint_r
                0x40035be0        0x0 ./debug/quark_se/x86/obj/./main.o
 .rel.text._vfprintf_r
                0x40035be0        0x0 ./debug/quark_se/x86/obj/./main.o
 .rel.text.__sfvwrite_r
                0x40035be0        0x0 ./debug/quark_se/x86/obj/./main.o
 .rel.text._realloc_r
                0x40035be0        0x0 ./debug/quark_se/x86/obj/./main.o
 .rel.text.idt_set_intr_gate_desc
                0x40035be0        0x0 ./debug/quark_se/x86/obj/./main.o
 .rel.text.qm_uart_dma_channel_config
                0x40035be0        0x0 ./debug/quark_se/x86/obj/./main.o
 .rel.text.qm_uart_dma_write
                0x40035be0        0x0 ./debug/quark_se/x86/obj/./main.o
 .rel.text.qm_uart_dma_read
                0x40035be0        0x0 ./debug/quark_se/x86/obj/./main.o
 .rel.text.qm_uart_dma_write_terminate
                0x40035be0        0x0 ./debug/quark_se/x86/obj/./main.o
 .rel.text.qm_uart_dma_read_terminate
                0x40035be0        0x0 ./debug/quark_se/x86/obj/./main.o

.data           0xa800a000       0x30 load address 0x40035bde
 *(.data*)
 .data.ticks_per_us
                0xa800a000        0x4 ./bsp/soc/quark_se/debug/quark_se/x86/obj/clk.o
 .data.vreg     0xa800a004       0x10 ./bsp/soc/quark_se/debug/quark_se/x86/obj/vreg.o
                0xa800a004                vreg
 .data.mbox_pair
                0xa800a014        0x8 ./debug/quark_se/x86/obj/mailbox.o
                0xa800a014                mbox_pair
 .data.qm_gpio  0xa800a01c        0x8 ./bsp/build/debug/quark_se/x86/libqmsi/lib\libqmsi_quark_se_1.4.0d.a(qm_gpio.o)
                0xa800a01c                qm_gpio
 .data.qm_rtc   0xa800a024        0x4 ./bsp/build/debug/quark_se/x86/libqmsi/lib\libqmsi_quark_se_1.4.0d.a(qm_rtc.o)
                0xa800a024                qm_rtc
 .data.qm_uart  0xa800a028        0x8 ./bsp/build/debug/quark_se/x86/libqmsi/lib\libqmsi_quark_se_1.4.0d.a(qm_uart.o)
                0xa800a028                qm_uart

.igot.plt       0xa800a030        0x0 load address 0x40035c0e
 .igot.plt      0xa800a030        0x0 ./debug/quark_se/x86/obj/./main.o

.bss            0xa800a040      0x210
 *(.bss*)
 .bss.cfg.3638  0xa800a040       0x20 ./debug/quark_se/x86/obj/./main.o
 .bss.cfg0.3639
                0xa800a060       0x20 ./debug/quark_se/x86/obj/./main.o
 .bss.stdout_uart_cfg
                0xa800a080        0xc ./debug/quark_se/x86/obj/./newlib-syscalls.o
 *fill*         0xa800a08c       0x14 
 .bss.format_buf.3539
                0xa800a0a0       0x20 ./debug/quark_se/x86/obj/./newlib-syscalls.o
 .bss.input_cfg.4107
                0xa800a0c0       0x20 ./debug/quark_se/x86/obj/temp_rh_sht10.o
 .bss.cfg.4110  0xa800a0e0       0x20 ./debug/quark_se/x86/obj/temp_rh_sht10.o
 .bss.uart0_status.3941
                0xa800a100        0x4 ./debug/quark_se/x86/obj/cellular_3g.o
 .bss.uart0_status.4033
                0xa800a104        0x4 ./debug/quark_se/x86/obj/cellular_3g.o
 .bss.uart0_status.4042
                0xa800a108        0x4 ./debug/quark_se/x86/obj/cellular_3g.o
 .bss.uart0_status.4094
                0xa800a10c        0x4 ./debug/quark_se/x86/obj/cellular_3g.o
 .bss.cb_fired  0xa800a110        0x1 ./debug/quark_se/x86/obj/mailbox.o
                0xa800a110                cb_fired
 *fill*         0xa800a111        0x3 
 .bss.transfer_count
                0xa800a114        0x4 ./debug/quark_se/x86/obj/mailbox.o
                0xa800a114                transfer_count
 *fill*         0xa800a118        0x8 
 .bss.cfg2      0xa800a120       0x20 ./debug/quark_se/x86/obj/radio.o
 .bss.cfg02     0xa800a140       0x20 ./debug/quark_se/x86/obj/radio.o
 .bss.callback  0xa800a160        0x8 ./bsp/build/debug/quark_se/x86/libqmsi/lib\libqmsi_quark_se_1.4.0d.a(qm_gpio.o)
 .bss.callback_data
                0xa800a168        0x8 ./bsp/build/debug/quark_se/x86/libqmsi/lib\libqmsi_quark_se_1.4.0d.a(qm_gpio.o)
 *fill*         0xa800a170       0x10 
 .bss.mailbox_devs
                0xa800a180       0x80 ./bsp/build/debug/quark_se/x86/libqmsi/lib\libqmsi_quark_se_1.4.0d.a(qm_mailbox_se.o)
 .bss.callback  0xa800a200        0x4 ./bsp/build/debug/quark_se/x86/libqmsi/lib\libqmsi_quark_se_1.4.0d.a(qm_rtc.o)
 .bss.callback_data
                0xa800a204        0x4 ./bsp/build/debug/quark_se/x86/libqmsi/lib\libqmsi_quark_se_1.4.0d.a(qm_rtc.o)
 *(COMMON)
 COMMON         0xa800a208        0x4 ./debug/quark_se/x86/obj/ferti_pump_status.o
                0xa800a208                tank_A_status
 COMMON         0xa800a20c        0x4 ./debug/quark_se/x86/obj/floatswitch_lv600.o
                0xa800a20c                tank_B_status
 COMMON         0xa800a210       0x40 ./debug/quark_se/x86/obj/mailbox.o
                0xa800a210                mbox_rx
                0xa800a214                mbox_tx
                0xa800a218                rx_data
                0xa800a22c                mbox_rx_config
                0xa800a23c                tx_data
                0x40035bde                __data_lma = LOADADDR (.data)
                0xa800a000                __data_vma = ADDR (.data)
                0x00000030                __data_size = SIZEOF (.data)
                0xa800a040                __bss_start = ADDR (.bss)
                0x00000210                __bss_size = SIZEOF (.bss)
                0xa800a250                __heap = .
                0xa80139e0                __heap_end = ORIGIN (x86_stack)

.comment        0x00000000       0x6e
 *(.comment)
 .comment       0x00000000       0x6e ./debug/quark_se/x86/obj/./main.o
                                 0x6f (size before relaxing)
 .comment       0x0000006e       0x6f ./debug/quark_se/x86/obj/./app_entry.o
 .comment       0x0000006e       0x6f ./debug/quark_se/x86/obj/./newlib-syscalls.o
 .comment       0x0000006e       0x6f ./bsp/soc/quark_se/debug/quark_se/x86/obj/clk.o
 .comment       0x0000006e       0x6f ./bsp/soc/quark_se/debug/quark_se/x86/obj/power_states.o
 .comment       0x0000006e       0x6f ./bsp/soc/quark_se/debug/quark_se/x86/obj/qm_interrupt_router.o
 .comment       0x0000006e       0x6f ./bsp/soc/quark_se/debug/quark_se/x86/obj/ss_init.o
 .comment       0x0000006e       0x6f ./bsp/soc/quark_se/debug/quark_se/x86/obj/vreg.o
 .comment       0x0000006e       0x6f ./debug/quark_se/x86/obj/ferti_pump_status.o
 .comment       0x0000006e       0x6f ./debug/quark_se/x86/obj/floatswitch_lv600.o
 .comment       0x0000006e       0x6f ./debug/quark_se/x86/obj/irrigation_pump_status.o
 .comment       0x0000006e       0x6f ./debug/quark_se/x86/obj/temp_rh_sht10.o
 .comment       0x0000006e       0x6f ./debug/quark_se/x86/obj/cellular_3g.o
 .comment       0x0000006e       0x6f ./debug/quark_se/x86/obj/debug_mode.o
 .comment       0x0000006e       0x6f ./debug/quark_se/x86/obj/downlink_status.o
 .comment       0x0000006e       0x6f ./debug/quark_se/x86/obj/gpio.o
 .comment       0x0000006e       0x6f ./debug/quark_se/x86/obj/mailbox.o
 .comment       0x0000006e       0x6f ./debug/quark_se/x86/obj/power.o
 .comment       0x0000006e       0x6f ./debug/quark_se/x86/obj/radio.o
 .comment       0x0000006e       0x6f ./debug/quark_se/x86/obj/sensor.o
 .comment       0x0000006e       0x6f ./debug/quark_se/x86/obj/utilities.o
 .comment       0x0000006e       0x6f ./debug/quark_se/x86/obj/xbee.o
 .comment       0x0000006e       0x6f ./debug/quark_se/x86/obj/relayshield_v3.o
 .comment       0x0000006e       0x6f c:/intelswtools/issm_2016.2.094/tools/compiler/gcc-ia/5.2.1/bin/../lib/gcc/i586-intel-elfiamcu/5.2.1\libgcc.a(_udivdi3.o)
 .comment       0x0000006e       0x6f ./bsp/build/debug/quark_se/x86/libqmsi/lib\libqmsi_quark_se_1.4.0d.a(qm_gpio.o)
 .comment       0x0000006e       0x6f ./bsp/build/debug/quark_se/x86/libqmsi/lib\libqmsi_quark_se_1.4.0d.a(qm_interrupt.o)
 .comment       0x0000006e       0x6f ./bsp/build/debug/quark_se/x86/libqmsi/lib\libqmsi_quark_se_1.4.0d.a(qm_mailbox_se.o)
 .comment       0x0000006e       0x6f ./bsp/build/debug/quark_se/x86/libqmsi/lib\libqmsi_quark_se_1.4.0d.a(qm_mpr.o)
 .comment       0x0000006e       0x6f ./bsp/build/debug/quark_se/x86/libqmsi/lib\libqmsi_quark_se_1.4.0d.a(qm_pinmux.o)
 .comment       0x0000006e       0x6f ./bsp/build/debug/quark_se/x86/libqmsi/lib\libqmsi_quark_se_1.4.0d.a(qm_rtc.o)
 .comment       0x0000006e       0x6f ./bsp/build/debug/quark_se/x86/libqmsi/lib\libqmsi_quark_se_1.4.0d.a(qm_uart.o)
LOAD ./debug/quark_se/x86/obj/./main.o
LOAD ./debug/quark_se/x86/obj/./app_entry.o
LOAD ./debug/quark_se/x86/obj/./newlib-syscalls.o
LOAD ./bsp/soc/quark_se/debug/quark_se/x86/obj/clk.o
LOAD ./bsp/soc/quark_se/debug/quark_se/x86/obj/power_states.o
LOAD ./bsp/soc/quark_se/debug/quark_se/x86/obj/qm_interrupt_router.o
LOAD ./bsp/soc/quark_se/debug/quark_se/x86/obj/ss_init.o
LOAD ./bsp/soc/quark_se/debug/quark_se/x86/obj/vreg.o
LOAD ./debug/quark_se/x86/obj/do_kit103d.o
LOAD ./debug/quark_se/x86/obj/ferti_pump_status.o
LOAD ./debug/quark_se/x86/obj/floatswitch_lv600.o
LOAD ./debug/quark_se/x86/obj/irrigation_pump_status.o
LOAD ./debug/quark_se/x86/obj/pm25_hpma115.o
LOAD ./debug/quark_se/x86/obj/temp_rh_sht10.o
LOAD ./debug/quark_se/x86/obj/ultrasonic_mb7060.o
LOAD ./debug/quark_se/x86/obj/cellular_3g.o
LOAD ./debug/quark_se/x86/obj/lora.o
LOAD ./debug/quark_se/x86/obj/debug_mode.o
LOAD ./debug/quark_se/x86/obj/downlink_status.o
LOAD ./debug/quark_se/x86/obj/gpio.o
LOAD ./debug/quark_se/x86/obj/mailbox.o
LOAD ./debug/quark_se/x86/obj/power.o
LOAD ./debug/quark_se/x86/obj/radio.o
LOAD ./debug/quark_se/x86/obj/sensor.o
LOAD ./debug/quark_se/x86/obj/utilities.o
LOAD ./debug/quark_se/x86/obj/xbee.o
LOAD ./debug/quark_se/x86/obj/relayshield_v3.o
LOAD ./debug/quark_se/x86/obj/usb_device.o
START GROUP
LOAD c:/intelswtools/issm_2016.2.094/tools/compiler/gcc-ia/5.2.1/bin/../lib/gcc/i586-intel-elfiamcu/5.2.1/../../../../i586-intel-elfiamcu/lib\libc.a
LOAD c:/intelswtools/issm_2016.2.094/tools/compiler/gcc-ia/5.2.1/bin/../lib/gcc/i586-intel-elfiamcu/5.2.1/../../../../i586-intel-elfiamcu/lib\libnosys.a
LOAD c:/intelswtools/issm_2016.2.094/tools/compiler/gcc-ia/5.2.1/bin/../lib/gcc/i586-intel-elfiamcu/5.2.1/../../../../i586-intel-elfiamcu/lib\libsoftfp.a
LOAD c:/intelswtools/issm_2016.2.094/tools/compiler/gcc-ia/5.2.1/bin/../lib/gcc/i586-intel-elfiamcu/5.2.1\libgcc.a
LOAD ./bsp/build/debug/quark_se/x86/libqmsi/lib\libqmsi_quark_se_1.4.0d.a
END GROUP
OUTPUT(./debug/quark_se/x86/obj/sensor_hub_109_updated_token.elf elf32-iamcu)

.note.GNU-stack
                0x00000000        0x0
 .note.GNU-stack
                0x00000000        0x0 c:/intelswtools/issm_2016.2.094/tools/compiler/gcc-ia/5.2.1/bin/../lib/gcc/i586-intel-elfiamcu/5.2.1/../../../../i586-intel-elfiamcu/lib\libsoftfp.a(addsf3.o)
 .note.GNU-stack
                0x00000000        0x0 c:/intelswtools/issm_2016.2.094/tools/compiler/gcc-ia/5.2.1/bin/../lib/gcc/i586-intel-elfiamcu/5.2.1/../../../../i586-intel-elfiamcu/lib\libsoftfp.a(mulsf3.o)
 .note.GNU-stack
                0x00000000        0x0 c:/intelswtools/issm_2016.2.094/tools/compiler/gcc-ia/5.2.1/bin/../lib/gcc/i586-intel-elfiamcu/5.2.1/../../../../i586-intel-elfiamcu/lib\libsoftfp.a(fixsfsi.o)
 .note.GNU-stack
                0x00000000        0x0 c:/intelswtools/issm_2016.2.094/tools/compiler/gcc-ia/5.2.1/bin/../lib/gcc/i586-intel-elfiamcu/5.2.1/../../../../i586-intel-elfiamcu/lib\libsoftfp.a(floatsisf.o)

.debug_info     0x00000000     0xcd92
 .debug_info    0x00000000      0x4c5 ./debug/quark_se/x86/obj/./main.o
 .debug_info    0x000004c5      0x131 ./debug/quark_se/x86/obj/./app_entry.o
 .debug_info    0x000005f6      0xda0 ./debug/quark_se/x86/obj/./newlib-syscalls.o
 .debug_info    0x00001396      0xaf3 ./bsp/soc/quark_se/debug/quark_se/x86/obj/clk.o
 .debug_info    0x00001e89      0x655 ./bsp/soc/quark_se/debug/quark_se/x86/obj/power_states.o
 .debug_info    0x000024de      0x3fc ./bsp/soc/quark_se/debug/quark_se/x86/obj/qm_interrupt_router.o
 .debug_info    0x000028da      0x1d1 ./bsp/soc/quark_se/debug/quark_se/x86/obj/ss_init.o
 .debug_info    0x00002aab      0x55f ./bsp/soc/quark_se/debug/quark_se/x86/obj/vreg.o
 .debug_info    0x0000300a      0x2f8 ./debug/quark_se/x86/obj/ferti_pump_status.o
 .debug_info    0x00003302      0x331 ./debug/quark_se/x86/obj/floatswitch_lv600.o
 .debug_info    0x00003633      0x2f8 ./debug/quark_se/x86/obj/irrigation_pump_status.o
 .debug_info    0x0000392b      0x8de ./debug/quark_se/x86/obj/temp_rh_sht10.o
 .debug_info    0x00004209     0x1346 ./debug/quark_se/x86/obj/cellular_3g.o
 .debug_info    0x0000554f      0x44c ./debug/quark_se/x86/obj/debug_mode.o
 .debug_info    0x0000599b      0x1a1 ./debug/quark_se/x86/obj/downlink_status.o
 .debug_info    0x00005b3c      0x3c2 ./debug/quark_se/x86/obj/gpio.o
 .debug_info    0x00005efe      0x5aa ./debug/quark_se/x86/obj/mailbox.o
 .debug_info    0x000064a8      0x2ea ./debug/quark_se/x86/obj/power.o
 .debug_info    0x00006792      0x6d6 ./debug/quark_se/x86/obj/radio.o
 .debug_info    0x00006e68      0x197 ./debug/quark_se/x86/obj/sensor.o
 .debug_info    0x00006fff      0x1bf ./debug/quark_se/x86/obj/utilities.o
 .debug_info    0x000071be      0x320 ./debug/quark_se/x86/obj/xbee.o
 .debug_info    0x000074de      0x3be ./debug/quark_se/x86/obj/relayshield_v3.o
 .debug_info    0x0000789c      0x2e7 c:/intelswtools/issm_2016.2.094/tools/compiler/gcc-ia/5.2.1/bin/../lib/gcc/i586-intel-elfiamcu/5.2.1\libgcc.a(_udivdi3.o)
 .debug_info    0x00007b83      0xb4f ./bsp/build/debug/quark_se/x86/libqmsi/lib\libqmsi_quark_se_1.4.0d.a(qm_gpio.o)
 .debug_info    0x000086d2      0x7f3 ./bsp/build/debug/quark_se/x86/libqmsi/lib\libqmsi_quark_se_1.4.0d.a(qm_interrupt.o)
 .debug_info    0x00008ec5      0xc91 ./bsp/build/debug/quark_se/x86/libqmsi/lib\libqmsi_quark_se_1.4.0d.a(qm_mailbox_se.o)
 .debug_info    0x00009b56      0xbfe ./bsp/build/debug/quark_se/x86/libqmsi/lib\libqmsi_quark_se_1.4.0d.a(qm_mpr.o)
 .debug_info    0x0000a754      0x55e ./bsp/build/debug/quark_se/x86/libqmsi/lib\libqmsi_quark_se_1.4.0d.a(qm_pinmux.o)
 .debug_info    0x0000acb2      0xb82 ./bsp/build/debug/quark_se/x86/libqmsi/lib\libqmsi_quark_se_1.4.0d.a(qm_rtc.o)
 .debug_info    0x0000b834     0x155e ./bsp/build/debug/quark_se/x86/libqmsi/lib\libqmsi_quark_se_1.4.0d.a(qm_uart.o)

.debug_abbrev   0x00000000     0x2888
 .debug_abbrev  0x00000000      0x146 ./debug/quark_se/x86/obj/./main.o
 .debug_abbrev  0x00000146       0x73 ./debug/quark_se/x86/obj/./app_entry.o
 .debug_abbrev  0x000001b9      0x23d ./debug/quark_se/x86/obj/./newlib-syscalls.o
 .debug_abbrev  0x000003f6      0x27b ./bsp/soc/quark_se/debug/quark_se/x86/obj/clk.o
 .debug_abbrev  0x00000671      0x126 ./bsp/soc/quark_se/debug/quark_se/x86/obj/power_states.o
 .debug_abbrev  0x00000797       0xf2 ./bsp/soc/quark_se/debug/quark_se/x86/obj/qm_interrupt_router.o
 .debug_abbrev  0x00000889      0x11a ./bsp/soc/quark_se/debug/quark_se/x86/obj/ss_init.o
 .debug_abbrev  0x000009a3      0x124 ./bsp/soc/quark_se/debug/quark_se/x86/obj/vreg.o
 .debug_abbrev  0x00000ac7       0x98 ./debug/quark_se/x86/obj/ferti_pump_status.o
 .debug_abbrev  0x00000b5f       0x98 ./debug/quark_se/x86/obj/floatswitch_lv600.o
 .debug_abbrev  0x00000bf7       0x98 ./debug/quark_se/x86/obj/irrigation_pump_status.o
 .debug_abbrev  0x00000c8f      0x1e8 ./debug/quark_se/x86/obj/temp_rh_sht10.o
 .debug_abbrev  0x00000e77      0x1e8 ./debug/quark_se/x86/obj/cellular_3g.o
 .debug_abbrev  0x0000105f       0xbe ./debug/quark_se/x86/obj/debug_mode.o
 .debug_abbrev  0x0000111d       0xbe ./debug/quark_se/x86/obj/downlink_status.o
 .debug_abbrev  0x000011db       0xe8 ./debug/quark_se/x86/obj/gpio.o
 .debug_abbrev  0x000012c3      0x14f ./debug/quark_se/x86/obj/mailbox.o
 .debug_abbrev  0x00001412      0x181 ./debug/quark_se/x86/obj/power.o
 .debug_abbrev  0x00001593      0x123 ./debug/quark_se/x86/obj/radio.o
 .debug_abbrev  0x000016b6       0x92 ./debug/quark_se/x86/obj/sensor.o
 .debug_abbrev  0x00001748       0x9d ./debug/quark_se/x86/obj/utilities.o
 .debug_abbrev  0x000017e5       0xf4 ./debug/quark_se/x86/obj/xbee.o
 .debug_abbrev  0x000018d9       0xd9 ./debug/quark_se/x86/obj/relayshield_v3.o
 .debug_abbrev  0x000019b2      0x13d c:/intelswtools/issm_2016.2.094/tools/compiler/gcc-ia/5.2.1/bin/../lib/gcc/i586-intel-elfiamcu/5.2.1\libgcc.a(_udivdi3.o)
 .debug_abbrev  0x00001aef      0x1d0 ./bsp/build/debug/quark_se/x86/libqmsi/lib\libqmsi_quark_se_1.4.0d.a(qm_gpio.o)
 .debug_abbrev  0x00001cbf      0x26e ./bsp/build/debug/quark_se/x86/libqmsi/lib\libqmsi_quark_se_1.4.0d.a(qm_interrupt.o)
 .debug_abbrev  0x00001f2d      0x206 ./bsp/build/debug/quark_se/x86/libqmsi/lib\libqmsi_quark_se_1.4.0d.a(qm_mailbox_se.o)
 .debug_abbrev  0x00002133      0x1c3 ./bsp/build/debug/quark_se/x86/libqmsi/lib\libqmsi_quark_se_1.4.0d.a(qm_mpr.o)
 .debug_abbrev  0x000022f6      0x124 ./bsp/build/debug/quark_se/x86/libqmsi/lib\libqmsi_quark_se_1.4.0d.a(qm_pinmux.o)
 .debug_abbrev  0x0000241a      0x1c5 ./bsp/build/debug/quark_se/x86/libqmsi/lib\libqmsi_quark_se_1.4.0d.a(qm_rtc.o)
 .debug_abbrev  0x000025df      0x2a9 ./bsp/build/debug/quark_se/x86/libqmsi/lib\libqmsi_quark_se_1.4.0d.a(qm_uart.o)

.debug_aranges  0x00000000      0x930
 .debug_aranges
                0x00000000       0x20 ./debug/quark_se/x86/obj/./main.o
 .debug_aranges
                0x00000020       0x20 ./debug/quark_se/x86/obj/./app_entry.o
 .debug_aranges
                0x00000040       0x90 ./debug/quark_se/x86/obj/./newlib-syscalls.o
 .debug_aranges
                0x000000d0       0xa8 ./bsp/soc/quark_se/debug/quark_se/x86/obj/clk.o
 .debug_aranges
                0x00000178       0x60 ./bsp/soc/quark_se/debug/quark_se/x86/obj/power_states.o
 .debug_aranges
                0x000001d8       0x28 ./bsp/soc/quark_se/debug/quark_se/x86/obj/qm_interrupt_router.o
 .debug_aranges
                0x00000200       0x28 ./bsp/soc/quark_se/debug/quark_se/x86/obj/ss_init.o
 .debug_aranges
                0x00000228       0x40 ./bsp/soc/quark_se/debug/quark_se/x86/obj/vreg.o
 .debug_aranges
                0x00000268       0x20 ./debug/quark_se/x86/obj/ferti_pump_status.o
 .debug_aranges
                0x00000288       0x28 ./debug/quark_se/x86/obj/floatswitch_lv600.o
 .debug_aranges
                0x000002b0       0x20 ./debug/quark_se/x86/obj/irrigation_pump_status.o
 .debug_aranges
                0x000002d0       0xa0 ./debug/quark_se/x86/obj/temp_rh_sht10.o
 .debug_aranges
                0x00000370       0x48 ./debug/quark_se/x86/obj/cellular_3g.o
 .debug_aranges
                0x000003b8       0x20 ./debug/quark_se/x86/obj/debug_mode.o
 .debug_aranges
                0x000003d8       0x28 ./debug/quark_se/x86/obj/downlink_status.o
 .debug_aranges
                0x00000400       0x58 ./debug/quark_se/x86/obj/gpio.o
 .debug_aranges
                0x00000458       0x48 ./debug/quark_se/x86/obj/mailbox.o
 .debug_aranges
                0x000004a0       0x38 ./debug/quark_se/x86/obj/power.o
 .debug_aranges
                0x000004d8       0x28 ./debug/quark_se/x86/obj/radio.o
 .debug_aranges
                0x00000500       0x20 ./debug/quark_se/x86/obj/sensor.o
 .debug_aranges
                0x00000520       0x38 ./debug/quark_se/x86/obj/utilities.o
 .debug_aranges
                0x00000558       0x38 ./debug/quark_se/x86/obj/xbee.o
 .debug_aranges
                0x00000590       0x60 ./debug/quark_se/x86/obj/relayshield_v3.o
 .debug_aranges
                0x000005f0       0x20 c:/intelswtools/issm_2016.2.094/tools/compiler/gcc-ia/5.2.1/bin/../lib/gcc/i586-intel-elfiamcu/5.2.1\libgcc.a(_udivdi3.o)
 .debug_aranges
                0x00000610       0x78 ./bsp/build/debug/quark_se/x86/libqmsi/lib\libqmsi_quark_se_1.4.0d.a(qm_gpio.o)
 .debug_aranges
                0x00000688       0xb0 ./bsp/build/debug/quark_se/x86/libqmsi/lib\libqmsi_quark_se_1.4.0d.a(qm_interrupt.o)
 .debug_aranges
                0x00000738       0x48 ./bsp/build/debug/quark_se/x86/libqmsi/lib\libqmsi_quark_se_1.4.0d.a(qm_mailbox_se.o)
 .debug_aranges
                0x00000780       0x40 ./bsp/build/debug/quark_se/x86/libqmsi/lib\libqmsi_quark_se_1.4.0d.a(qm_mpr.o)
 .debug_aranges
                0x000007c0       0x48 ./bsp/build/debug/quark_se/x86/libqmsi/lib\libqmsi_quark_se_1.4.0d.a(qm_pinmux.o)
 .debug_aranges
                0x00000808       0x48 ./bsp/build/debug/quark_se/x86/libqmsi/lib\libqmsi_quark_se_1.4.0d.a(qm_rtc.o)
 .debug_aranges
                0x00000850       0xe0 ./bsp/build/debug/quark_se/x86/libqmsi/lib\libqmsi_quark_se_1.4.0d.a(qm_uart.o)

.debug_ranges   0x00000000      0x7c0
 .debug_ranges  0x00000000       0x10 ./debug/quark_se/x86/obj/./main.o
 .debug_ranges  0x00000010       0x10 ./debug/quark_se/x86/obj/./app_entry.o
 .debug_ranges  0x00000020       0x80 ./debug/quark_se/x86/obj/./newlib-syscalls.o
 .debug_ranges  0x000000a0       0x98 ./bsp/soc/quark_se/debug/quark_se/x86/obj/clk.o
 .debug_ranges  0x00000138       0x50 ./bsp/soc/quark_se/debug/quark_se/x86/obj/power_states.o
 .debug_ranges  0x00000188       0x18 ./bsp/soc/quark_se/debug/quark_se/x86/obj/qm_interrupt_router.o
 .debug_ranges  0x000001a0       0x18 ./bsp/soc/quark_se/debug/quark_se/x86/obj/ss_init.o
 .debug_ranges  0x000001b8       0x30 ./bsp/soc/quark_se/debug/quark_se/x86/obj/vreg.o
 .debug_ranges  0x000001e8       0x10 ./debug/quark_se/x86/obj/ferti_pump_status.o
 .debug_ranges  0x000001f8       0x18 ./debug/quark_se/x86/obj/floatswitch_lv600.o
 .debug_ranges  0x00000210       0x10 ./debug/quark_se/x86/obj/irrigation_pump_status.o
 .debug_ranges  0x00000220       0x90 ./debug/quark_se/x86/obj/temp_rh_sht10.o
 .debug_ranges  0x000002b0       0x68 ./debug/quark_se/x86/obj/cellular_3g.o
 .debug_ranges  0x00000318       0x10 ./debug/quark_se/x86/obj/debug_mode.o
 .debug_ranges  0x00000328       0x18 ./debug/quark_se/x86/obj/downlink_status.o
 .debug_ranges  0x00000340       0x48 ./debug/quark_se/x86/obj/gpio.o
 .debug_ranges  0x00000388       0x38 ./debug/quark_se/x86/obj/mailbox.o
 .debug_ranges  0x000003c0       0x28 ./debug/quark_se/x86/obj/power.o
 .debug_ranges  0x000003e8       0x18 ./debug/quark_se/x86/obj/radio.o
 .debug_ranges  0x00000400       0x10 ./debug/quark_se/x86/obj/sensor.o
 .debug_ranges  0x00000410       0x28 ./debug/quark_se/x86/obj/utilities.o
 .debug_ranges  0x00000438       0x28 ./debug/quark_se/x86/obj/xbee.o
 .debug_ranges  0x00000460       0x50 ./debug/quark_se/x86/obj/relayshield_v3.o
 .debug_ranges  0x000004b0       0x48 c:/intelswtools/issm_2016.2.094/tools/compiler/gcc-ia/5.2.1/bin/../lib/gcc/i586-intel-elfiamcu/5.2.1\libgcc.a(_udivdi3.o)
 .debug_ranges  0x000004f8       0x68 ./bsp/build/debug/quark_se/x86/libqmsi/lib\libqmsi_quark_se_1.4.0d.a(qm_gpio.o)
 .debug_ranges  0x00000560       0xa0 ./bsp/build/debug/quark_se/x86/libqmsi/lib\libqmsi_quark_se_1.4.0d.a(qm_interrupt.o)
 .debug_ranges  0x00000600       0x38 ./bsp/build/debug/quark_se/x86/libqmsi/lib\libqmsi_quark_se_1.4.0d.a(qm_mailbox_se.o)
 .debug_ranges  0x00000638       0x30 ./bsp/build/debug/quark_se/x86/libqmsi/lib\libqmsi_quark_se_1.4.0d.a(qm_mpr.o)
 .debug_ranges  0x00000668       0x38 ./bsp/build/debug/quark_se/x86/libqmsi/lib\libqmsi_quark_se_1.4.0d.a(qm_pinmux.o)
 .debug_ranges  0x000006a0       0x38 ./bsp/build/debug/quark_se/x86/libqmsi/lib\libqmsi_quark_se_1.4.0d.a(qm_rtc.o)
 .debug_ranges  0x000006d8       0xe8 ./bsp/build/debug/quark_se/x86/libqmsi/lib\libqmsi_quark_se_1.4.0d.a(qm_uart.o)

.debug_line     0x00000000     0x4e24
 .debug_line    0x00000000      0x2b2 ./debug/quark_se/x86/obj/./main.o
 .debug_line    0x000002b2      0x1a6 ./debug/quark_se/x86/obj/./app_entry.o
 .debug_line    0x00000458      0x474 ./debug/quark_se/x86/obj/./newlib-syscalls.o
 .debug_line    0x000008cc      0x470 ./bsp/soc/quark_se/debug/quark_se/x86/obj/clk.o
 .debug_line    0x00000d3c      0x223 ./bsp/soc/quark_se/debug/quark_se/x86/obj/power_states.o
 .debug_line    0x00000f5f      0x1ac ./bsp/soc/quark_se/debug/quark_se/x86/obj/qm_interrupt_router.o
 .debug_line    0x0000110b      0x192 ./bsp/soc/quark_se/debug/quark_se/x86/obj/ss_init.o
 .debug_line    0x0000129d      0x1f8 ./bsp/soc/quark_se/debug/quark_se/x86/obj/vreg.o
 .debug_line    0x00001495      0x18c ./debug/quark_se/x86/obj/ferti_pump_status.o
 .debug_line    0x00001621      0x1a3 ./debug/quark_se/x86/obj/floatswitch_lv600.o
 .debug_line    0x000017c4      0x197 ./debug/quark_se/x86/obj/irrigation_pump_status.o
 .debug_line    0x0000195b      0x3f5 ./debug/quark_se/x86/obj/temp_rh_sht10.o
 .debug_line    0x00001d50      0x6b0 ./debug/quark_se/x86/obj/cellular_3g.o
 .debug_line    0x00002400      0x198 ./debug/quark_se/x86/obj/debug_mode.o
 .debug_line    0x00002598      0x1b8 ./debug/quark_se/x86/obj/downlink_status.o
 .debug_line    0x00002750      0x22a ./debug/quark_se/x86/obj/gpio.o
 .debug_line    0x0000297a      0x22e ./debug/quark_se/x86/obj/mailbox.o
 .debug_line    0x00002ba8      0x1e6 ./debug/quark_se/x86/obj/power.o
 .debug_line    0x00002d8e      0x24a ./debug/quark_se/x86/obj/radio.o
 .debug_line    0x00002fd8      0x16a ./debug/quark_se/x86/obj/sensor.o
 .debug_line    0x00003142      0x242 ./debug/quark_se/x86/obj/utilities.o
 .debug_line    0x00003384      0x1bc ./debug/quark_se/x86/obj/xbee.o
 .debug_line    0x00003540      0x232 ./debug/quark_se/x86/obj/relayshield_v3.o
 .debug_line    0x00003772       0xc3 c:/intelswtools/issm_2016.2.094/tools/compiler/gcc-ia/5.2.1/bin/../lib/gcc/i586-intel-elfiamcu/5.2.1\libgcc.a(_udivdi3.o)
 .debug_line    0x00003835      0x305 ./bsp/build/debug/quark_se/x86/libqmsi/lib\libqmsi_quark_se_1.4.0d.a(qm_gpio.o)
 .debug_line    0x00003b3a      0x372 ./bsp/build/debug/quark_se/x86/libqmsi/lib\libqmsi_quark_se_1.4.0d.a(qm_interrupt.o)
 .debug_line    0x00003eac      0x2a6 ./bsp/build/debug/quark_se/x86/libqmsi/lib\libqmsi_quark_se_1.4.0d.a(qm_mailbox_se.o)
 .debug_line    0x00004152      0x23f ./bsp/build/debug/quark_se/x86/libqmsi/lib\libqmsi_quark_se_1.4.0d.a(qm_mpr.o)
 .debug_line    0x00004391      0x218 ./bsp/build/debug/quark_se/x86/libqmsi/lib\libqmsi_quark_se_1.4.0d.a(qm_pinmux.o)
 .debug_line    0x000045a9      0x252 ./bsp/build/debug/quark_se/x86/libqmsi/lib\libqmsi_quark_se_1.4.0d.a(qm_rtc.o)
 .debug_line    0x000047fb      0x629 ./bsp/build/debug/quark_se/x86/libqmsi/lib\libqmsi_quark_se_1.4.0d.a(qm_uart.o)

.debug_str      0x00000000     0x404d
 .debug_str     0x00000000      0x4ef ./debug/quark_se/x86/obj/./main.o
                                0x58e (size before relaxing)
 .debug_str     0x000004ef       0x54 ./debug/quark_se/x86/obj/./app_entry.o
                                0x202 (size before relaxing)
 .debug_str     0x00000543      0xafe ./debug/quark_se/x86/obj/./newlib-syscalls.o
                                0xeee (size before relaxing)
 .debug_str     0x00001041      0x72a ./bsp/soc/quark_se/debug/quark_se/x86/obj/clk.o
                                0xd23 (size before relaxing)
 .debug_str     0x0000176b      0x217 ./bsp/soc/quark_se/debug/quark_se/x86/obj/power_states.o
                                0x73f (size before relaxing)
 .debug_str     0x00001982      0x424 ./bsp/soc/quark_se/debug/quark_se/x86/obj/qm_interrupt_router.o
                                0x5ea (size before relaxing)
 .debug_str     0x00001da6       0xf6 ./bsp/soc/quark_se/debug/quark_se/x86/obj/ss_init.o
                                0x2e4 (size before relaxing)
 .debug_str     0x00001e9c       0xc4 ./bsp/soc/quark_se/debug/quark_se/x86/obj/vreg.o
                                0x5bb (size before relaxing)
 .debug_str     0x00001f60       0x8a ./debug/quark_se/x86/obj/ferti_pump_status.o
                                0x4a7 (size before relaxing)
 .debug_str     0x00001fea       0x5b ./debug/quark_se/x86/obj/floatswitch_lv600.o
                                0x4c9 (size before relaxing)
 .debug_str     0x00002045       0x4b ./debug/quark_se/x86/obj/irrigation_pump_status.o
                                0x4b6 (size before relaxing)
 .debug_str     0x00002090      0x194 ./debug/quark_se/x86/obj/temp_rh_sht10.o
                                0xbe5 (size before relaxing)
 .debug_str     0x00002224      0x2f6 ./debug/quark_se/x86/obj/cellular_3g.o
                                0xd78 (size before relaxing)
 .debug_str     0x0000251a       0x2e ./debug/quark_se/x86/obj/debug_mode.o
                                0x954 (size before relaxing)
 .debug_str     0x00002548       0xb0 ./debug/quark_se/x86/obj/downlink_status.o
                                0x282 (size before relaxing)
 .debug_str     0x000025f8       0x76 ./debug/quark_se/x86/obj/gpio.o
                                0x66d (size before relaxing)
 .debug_str     0x0000266e      0x263 ./debug/quark_se/x86/obj/mailbox.o
                                0x6b5 (size before relaxing)
 .debug_str     0x000028d1       0xf6 ./debug/quark_se/x86/obj/power.o
                                0x409 (size before relaxing)
 .debug_str     0x000029c7      0x181 ./debug/quark_se/x86/obj/radio.o
                                0x728 (size before relaxing)
 .debug_str     0x00002b48       0x2c ./debug/quark_se/x86/obj/sensor.o
                                0x389 (size before relaxing)
 .debug_str     0x00002b74       0x81 ./debug/quark_se/x86/obj/utilities.o
                                0x234 (size before relaxing)
 .debug_str     0x00002bf5       0x5b ./debug/quark_se/x86/obj/xbee.o
                                0x460 (size before relaxing)
 .debug_str     0x00002c50       0x8d ./debug/quark_se/x86/obj/relayshield_v3.o
                                0x67e (size before relaxing)
 .debug_str     0x00002cdd      0x1e1 c:/intelswtools/issm_2016.2.094/tools/compiler/gcc-ia/5.2.1/bin/../lib/gcc/i586-intel-elfiamcu/5.2.1\libgcc.a(_udivdi3.o)
                                0x288 (size before relaxing)
 .debug_str     0x00002ebe      0x1d1 ./bsp/build/debug/quark_se/x86/libqmsi/lib\libqmsi_quark_se_1.4.0d.a(qm_gpio.o)
                                0x7ec (size before relaxing)
 .debug_str     0x0000308f      0x206 ./bsp/build/debug/quark_se/x86/libqmsi/lib\libqmsi_quark_se_1.4.0d.a(qm_interrupt.o)
                                0x4f9 (size before relaxing)
 .debug_str     0x00003295      0x160 ./bsp/build/debug/quark_se/x86/libqmsi/lib\libqmsi_quark_se_1.4.0d.a(qm_mailbox_se.o)
                                0xbf9 (size before relaxing)
 .debug_str     0x000033f5      0x12d ./bsp/build/debug/quark_se/x86/libqmsi/lib\libqmsi_quark_se_1.4.0d.a(qm_mpr.o)
                                0xaf6 (size before relaxing)
 .debug_str     0x00003522      0x14f ./bsp/build/debug/quark_se/x86/libqmsi/lib\libqmsi_quark_se_1.4.0d.a(qm_pinmux.o)
                                0x6db (size before relaxing)
 .debug_str     0x00003671       0x8a ./bsp/build/debug/quark_se/x86/libqmsi/lib\libqmsi_quark_se_1.4.0d.a(qm_rtc.o)
                                0xb0c (size before relaxing)
 .debug_str     0x000036fb      0x952 ./bsp/build/debug/quark_se/x86/libqmsi/lib\libqmsi_quark_se_1.4.0d.a(qm_uart.o)
                               0x1130 (size before relaxing)

.debug_frame    0x00000000     0x1c1c
 .debug_frame   0x00000000       0x2c ./debug/quark_se/x86/obj/./main.o
 .debug_frame   0x0000002c       0x2c ./debug/quark_se/x86/obj/./app_entry.o
 .debug_frame   0x00000058      0x1f0 ./debug/quark_se/x86/obj/./newlib-syscalls.o
 .debug_frame   0x00000248      0x25c ./bsp/soc/quark_se/debug/quark_se/x86/obj/clk.o
 .debug_frame   0x000004a4      0x12c ./bsp/soc/quark_se/debug/quark_se/x86/obj/power_states.o
 .debug_frame   0x000005d0       0x54 ./bsp/soc/quark_se/debug/quark_se/x86/obj/qm_interrupt_router.o
 .debug_frame   0x00000624       0x54 ./bsp/soc/quark_se/debug/quark_se/x86/obj/ss_init.o
 .debug_frame   0x00000678       0xb4 ./bsp/soc/quark_se/debug/quark_se/x86/obj/vreg.o
 .debug_frame   0x0000072c       0x34 ./debug/quark_se/x86/obj/ferti_pump_status.o
 .debug_frame   0x00000760       0x54 ./debug/quark_se/x86/obj/floatswitch_lv600.o
 .debug_frame   0x000007b4       0x34 ./debug/quark_se/x86/obj/irrigation_pump_status.o
 .debug_frame   0x000007e8      0x244 ./debug/quark_se/x86/obj/temp_rh_sht10.o
 .debug_frame   0x00000a2c       0xfc ./debug/quark_se/x86/obj/cellular_3g.o
 .debug_frame   0x00000b28       0x34 ./debug/quark_se/x86/obj/debug_mode.o
 .debug_frame   0x00000b5c       0x54 ./debug/quark_se/x86/obj/downlink_status.o
 .debug_frame   0x00000bb0      0x114 ./debug/quark_se/x86/obj/gpio.o
 .debug_frame   0x00000cc4       0xd4 ./debug/quark_se/x86/obj/mailbox.o
 .debug_frame   0x00000d98       0x94 ./debug/quark_se/x86/obj/power.o
 .debug_frame   0x00000e2c       0x54 ./debug/quark_se/x86/obj/radio.o
 .debug_frame   0x00000e80       0x34 ./debug/quark_se/x86/obj/sensor.o
 .debug_frame   0x00000eb4       0x94 ./debug/quark_se/x86/obj/utilities.o
 .debug_frame   0x00000f48       0xa0 ./debug/quark_se/x86/obj/xbee.o
 .debug_frame   0x00000fe8      0x134 ./debug/quark_se/x86/obj/relayshield_v3.o
 .debug_frame   0x0000111c      0x1c0 ./bsp/build/debug/quark_se/x86/libqmsi/lib\libqmsi_quark_se_1.4.0d.a(qm_gpio.o)
 .debug_frame   0x000012dc      0x274 ./bsp/build/debug/quark_se/x86/libqmsi/lib\libqmsi_quark_se_1.4.0d.a(qm_interrupt.o)
 .debug_frame   0x00001550       0xe8 ./bsp/build/debug/quark_se/x86/libqmsi/lib\libqmsi_quark_se_1.4.0d.a(qm_mailbox_se.o)
 .debug_frame   0x00001638       0xc4 ./bsp/build/debug/quark_se/x86/libqmsi/lib\libqmsi_quark_se_1.4.0d.a(qm_mpr.o)
 .debug_frame   0x000016fc       0xdc ./bsp/build/debug/quark_se/x86/libqmsi/lib\libqmsi_quark_se_1.4.0d.a(qm_pinmux.o)
 .debug_frame   0x000017d8       0xe4 ./bsp/build/debug/quark_se/x86/libqmsi/lib\libqmsi_quark_se_1.4.0d.a(qm_rtc.o)
 .debug_frame   0x000018bc      0x360 ./bsp/build/debug/quark_se/x86/libqmsi/lib\libqmsi_quark_se_1.4.0d.a(qm_uart.o)

.debug_loc      0x00000000      0x3c5
 .debug_loc     0x00000000      0x3c5 c:/intelswtools/issm_2016.2.094/tools/compiler/gcc-ia/5.2.1/bin/../lib/gcc/i586-intel-elfiamcu/5.2.1\libgcc.a(_udivdi3.o)
