11:24:34 **** Incremental Build of configuration Debug for project LED_Blink_2 ****
make 
APP_NAME = LED_Blink_2
SOC = quark_se
TARGET = x86
APP_DIR = .
BUILD = debug
CSTD = c99
VERSION = '1.4.0'
make -C ./bsp/drivers SOC=quark_se TARGET=x86 BUILD=debug V=0 CSTD=c99 ITA_NO_ASSERT=0
BUILD = debug
CSTD = c99
VERSION = '1.4.0'
make[1]: Entering directory `C:/IntelSWTools/ISSM_2016.2.094/workspace2/LED_Blink_2/bsp/drivers'
make[1]: Nothing to be done for `all'.
make[1]: Leaving directory `C:/IntelSWTools/ISSM_2016.2.094/workspace2/LED_Blink_2/bsp/drivers'
"CC debug/quark_se/x86/obj/./main.o" 
"CC debug/quark_se/x86/obj/"."/app_entry.o" 
"CC debug/quark_se/x86/obj/"."/newlib-syscalls.o" 
"LD debug/quark_se/x86/bin/LED_Blink_2.bin" 
"Size debug/quark_se/x86/bin/LED_Blink_2.bin" 
   text	   data	    bss	    dec	    hex	filename
   1317	     20	     60	   1397	    575	./debug/quark_se/x86/obj/LED_Blink_2.elf
"Objcopy debug/quark_se/x86/bin/LED_Blink_2.bin" 

11:24:35 Build Finished (took 833ms)

