15:16:06 **** Incremental Build of configuration Debug for project sensor_hub_quark_107_new_farah ****
make 
APP_NAME = sensor_hub_quark_107_new_farah
SOC = quark_se
TARGET = x86
APP_DIR = .
BUILD = debug
CSTD = c99
VERSION = '1.4.0'
make -C ./bsp/drivers SOC=quark_se TARGET=x86 BUILD=debug V=0 CSTD=c99 ITA_NO_ASSERT=0
BUILD = debug
CSTD = c99
VERSION = '1.4.0'
make[1]: Entering directory `D:/azwan/Atilze/workspace2/sensor_hub_quark_107_new_farah/bsp/drivers'
make[1]: Leaving directory `D:/azwan/Atilze/workspace2/sensor_hub_quark_107_new_farah/bsp/drivers'
"CC debug/quark_se/x86/obj/./main.o" 
"CC debug/quark_se/x86/obj/"."/app_entry.o" 
"CC debug/quark_se/x86/obj/"."/newlib-syscalls.o" 
"LD debug/quark_se/x86/bin/sensor_hub_quark_107_new_farah.bin" 
"Size debug/quark_se/x86/bin/sensor_hub_quark_107_new_farah.bin" 
   text	   data	    bss	    dec	    hex	filename
  12398	     48	    528	  12974	   32ae	./debug/quark_se/x86/obj/sensor_hub_quark_107_new_farah.elf
"Objcopy debug/quark_se/x86/bin/sensor_hub_quark_107_new_farah.bin" 

15:16:12 Build Finished (took 6s.81ms)

