08:45:16 **** Build of configuration Debug for project sensor_hub_3G_ss_new_azwan_test ****
make 
APP_NAME = sensor_hub_3G_ss_new_azwan_test
SOC = quark_se
TARGET = sensor
APP_DIR = .
BUILD = debug
CSTD = c99
VERSION = '1.4.0'
make -C ./bsp/drivers SOC=quark_se TARGET=sensor BUILD=debug V=0 CSTD=c99 ITA_NO_ASSERT=0
BUILD = debug
CSTD = c99
VERSION = '1.4.0'
make[1]: Entering directory `C:/IntelSWTools/ISSM_2016.2.094/workspace2/sensor_hub_3G_ss_new_azwan_test/bsp/drivers'
make[1]: Leaving directory `C:/IntelSWTools/ISSM_2016.2.094/workspace2/sensor_hub_3G_ss_new_azwan_test/bsp/drivers'
"CC debug/quark_se/sensor/obj/./main.o" 
"CC debug/quark_se/sensor/obj/"."/app_entry.o" 
"CC debug/quark_se/sensor/obj/"."/newlib-syscalls.o" 
"LD debug/quark_se/sensor/bin/sensor_hub_3G_ss_new_azwan_test.bin" 
"Size debug/quark_se/sensor/bin/sensor_hub_3G_ss_new_azwan_test.bin" 
   text	   data	    bss	    dec	    hex	filename
  11096	     32	    792	  11920	   2e90	./debug/quark_se/sensor/obj/sensor_hub_3G_ss_new_azwan_test.elf
"Objcopy debug/quark_se/sensor/bin/sensor_hub_3G_ss_new_azwan_test.bin" 

08:45:18 Build Finished (took 2s.767ms)

