08:45:21 **** Incremental Build of configuration Debug for project sensor_hub_ss_109 ****
make 
APP_NAME = sensor_hub_ss_109
SOC = quark_se
TARGET = sensor
APP_DIR = .
BUILD = debug
CSTD = c99
VERSION = '1.4.0'
make -C ./bsp/drivers SOC=quark_se TARGET=sensor BUILD=debug V=0 CSTD=c99 ITA_NO_ASSERT=0
BUILD = debug
CSTD = c99
VERSION = '1.4.0'
make[1]: Entering directory `C:/IntelSWTools/ISSM_2016.2.094/workspace2/sensor_hub_ss_109/bsp/drivers'
make[1]: Leaving directory `C:/IntelSWTools/ISSM_2016.2.094/workspace2/sensor_hub_ss_109/bsp/drivers'
"CC debug/quark_se/sensor/obj/./main.o" 
"CC debug/quark_se/sensor/obj/"."/app_entry.o" 
"CC debug/quark_se/sensor/obj/"."/newlib-syscalls.o" 
"LD debug/quark_se/sensor/bin/sensor_hub_ss_109.bin" 
"Size debug/quark_se/sensor/bin/sensor_hub_ss_109.bin" 
   text	   data	    bss	    dec	    hex	filename
  11652	     32	    792	  12476	   30bc	./debug/quark_se/sensor/obj/sensor_hub_ss_109.elf
"Objcopy debug/quark_se/sensor/bin/sensor_hub_ss_109.bin" 

08:45:24 Build Finished (took 2s.718ms)

