10:21:28 **** Incremental Build of configuration Debug for project sensor_hub_3G_ss_test ****
make 
APP_NAME = sensor_hub_3G_ss_test
SOC = quark_se
TARGET = sensor
APP_DIR = .
BUILD = debug
CSTD = c99
VERSION = '1.4.0'
make -C ./bsp/drivers SOC=quark_se TARGET=sensor BUILD=debug V=0 CSTD=c99 ITA_NO_ASSERT=0
BUILD = debug
CSTD = c99
VERSION = '1.4.0'
make[1]: Entering directory `C:/IntelSWTools/ISSM_2016.2.094/workspace2/sensor_hub_3G_ss_test/bsp/drivers'
make[1]: Nothing to be done for `all'.
make[1]: Leaving directory `C:/IntelSWTools/ISSM_2016.2.094/workspace2/sensor_hub_3G_ss_test/bsp/drivers'
"CC debug/quark_se/sensor/obj/./main.o" 
"CC debug/quark_se/sensor/obj/"."/app_entry.o" 
"CC debug/quark_se/sensor/obj/"."/newlib-syscalls.o" 
"LD debug/quark_se/sensor/bin/sensor_hub_3G_ss_test.bin" 
"Size debug/quark_se/sensor/bin/sensor_hub_3G_ss_test.bin" 
   text	   data	    bss	    dec	    hex	filename
  11320	     32	    792	  12144	   2f70	./debug/quark_se/sensor/obj/sensor_hub_3G_ss_test.elf
"Objcopy debug/quark_se/sensor/bin/sensor_hub_3G_ss_test.bin" 

10:21:29 Build Finished (took 714ms)

