15:16:41 **** Incremental Build of configuration Debug for project sensor_hub_ss_109_old ****
make 
APP_NAME = sensor_hub_ss_109_old
SOC = quark_se
TARGET = sensor
APP_DIR = .
BUILD = debug
CSTD = c99
VERSION = '1.4.0'
make -C ./bsp/drivers SOC=quark_se TARGET=sensor BUILD=debug V=0 CSTD=c99 ITA_NO_ASSERT=0
BUILD = debug
CSTD = c99
VERSION = '1.4.0'
make[1]: Entering directory `D:/azwan/Atilze/workspace2/sensor_hub_ss_109_old/bsp/drivers'
make[1]: Leaving directory `D:/azwan/Atilze/workspace2/sensor_hub_ss_109_old/bsp/drivers'
"CC debug/quark_se/sensor/obj/./main.o" 
"CC debug/quark_se/sensor/obj/"."/app_entry.o" 
"CC debug/quark_se/sensor/obj/"."/newlib-syscalls.o" 
"LD debug/quark_se/sensor/bin/sensor_hub_ss_109_old.bin" 
"Size debug/quark_se/sensor/bin/sensor_hub_ss_109_old.bin" 
   text	   data	    bss	    dec	    hex	filename
  11712	     36	    792	  12540	   30fc	./debug/quark_se/sensor/obj/sensor_hub_ss_109_old.elf
"Objcopy debug/quark_se/sensor/bin/sensor_hub_ss_109_old.bin" 

15:16:49 Build Finished (took 7s.454ms)

