08:44:42 **** Incremental Build of configuration Debug for project sensor_hub_109_modified ****
make 
APP_NAME = sensor_hub_109_modified
SOC = quark_se
TARGET = x86
APP_DIR = .
BUILD = debug
CSTD = c99
VERSION = '1.4.0'
make -C ./bsp/drivers SOC=quark_se TARGET=x86 BUILD=debug V=0 CSTD=c99 ITA_NO_ASSERT=0
BUILD = debug
CSTD = c99
VERSION = '1.4.0'
make[1]: Entering directory `C:/IntelSWTools/ISSM_2016.2.094/workspace2/sensor_hub_109_modified/bsp/drivers'
make[1]: Leaving directory `C:/IntelSWTools/ISSM_2016.2.094/workspace2/sensor_hub_109_modified/bsp/drivers'
"CC debug/quark_se/x86/obj/./main.o" 
"CC debug/quark_se/x86/obj/"."/app_entry.o" 
"CC debug/quark_se/x86/obj/"."/newlib-syscalls.o" 
"LD debug/quark_se/x86/bin/sensor_hub_109_modified.bin" 
"Size debug/quark_se/x86/bin/sensor_hub_109_modified.bin" 
   text	   data	    bss	    dec	    hex	filename
  21811	     48	    528	  22387	   5773	./debug/quark_se/x86/obj/sensor_hub_109_modified.elf
"Objcopy debug/quark_se/x86/bin/sensor_hub_109_modified.bin" 

08:44:45 Build Finished (took 3s.24ms)

