08:45:04 **** Incremental Build of configuration Debug for project sensor_hub_109_updated_azwan_new__3g_token ****
make 
APP_NAME = sensor_hub_109_updated_azwan_new__3g_token
SOC = quark_se
TARGET = x86
APP_DIR = .
BUILD = debug
CSTD = c99
VERSION = '1.4.0'
make -C ./bsp/drivers SOC=quark_se TARGET=x86 BUILD=debug V=0 CSTD=c99 ITA_NO_ASSERT=0
BUILD = debug
CSTD = c99
VERSION = '1.4.0'
make[1]: Entering directory `C:/IntelSWTools/ISSM_2016.2.094/workspace2/sensor_hub_109_updated_azwan_new__3g_token/bsp/drivers'
make[1]: Leaving directory `C:/IntelSWTools/ISSM_2016.2.094/workspace2/sensor_hub_109_updated_azwan_new__3g_token/bsp/drivers'
"CC debug/quark_se/x86/obj/./main.o" 
"CC debug/quark_se/x86/obj/"."/app_entry.o" 
"CC debug/quark_se/x86/obj/"."/newlib-syscalls.o" 
"LD debug/quark_se/x86/bin/sensor_hub_109_updated_azwan_new__3g_token.bin" 
"Size debug/quark_se/x86/bin/sensor_hub_109_updated_azwan_new__3g_token.bin" 
   text	   data	    bss	    dec	    hex	filename
  22989	     48	    528	  23565	   5c0d	./debug/quark_se/x86/obj/sensor_hub_109_updated_azwan_new__3g_token.elf
"Objcopy debug/quark_se/x86/bin/sensor_hub_109_updated_azwan_new__3g_token.bin" 

08:45:07 Build Finished (took 2s.815ms)

