14:14:22 **** Build of configuration Debug for project sensor_hub_ss_109_updated_azwan_new_3g ****
make 
APP_NAME = sensor_hub_ss_109_updated_azwan_new_3g
SOC = quark_se
TARGET = sensor
APP_DIR = .
BUILD = debug
CSTD = c99
VERSION = '1.4.0'
make -C ./bsp/drivers SOC=quark_se TARGET=sensor BUILD=debug V=0 CSTD=c99 ITA_NO_ASSERT=0
BUILD = debug
CSTD = c99
VERSION = '1.4.0'
make[1]: Entering directory `C:/IntelSWTools/ISSM_2016.2.094/workspace2/sensor_hub_ss_109_updated_azwan_new_3g/bsp/drivers'
"CC ../drivers/debug/quark_se/sensor/obj/aon_counters/qm_aon_counters.o" 
"CC ../drivers/debug/quark_se/sensor/obj/comparator/qm_comparator.o" 
"CC ../drivers/debug/quark_se/sensor/obj/dma/qm_dma.o" 
"CC ../drivers/debug/quark_se/sensor/obj/flash/qm_flash.o" 
"CC ../drivers/debug/quark_se/sensor/obj/fpr/qm_fpr.o" 
"CC ../drivers/debug/quark_se/sensor/obj/gpio/qm_gpio.o" 
"CC ../drivers/debug/quark_se/sensor/obj/i2c/qm_i2c.o" 
"CC ../drivers/debug/quark_se/sensor/obj/qm_identification.o" 
"CC ../drivers/debug/quark_se/sensor/obj/qm_init.o" 
"CC ../drivers/debug/quark_se/sensor/obj/interrupt/qm_interrupt.o" 
"CC ../drivers/debug/quark_se/sensor/obj/mailbox/qm_mailbox_se.o" 
"CC ../drivers/debug/quark_se/sensor/obj/mpr/qm_mpr.o" 
"CC ../drivers/debug/quark_se/sensor/obj/adc/qm_ss_adc.o" 
"CC ../drivers/debug/quark_se/sensor/obj/clk/ss_clk.o" 
"CC ../drivers/debug/quark_se/sensor/obj/gpio/qm_ss_gpio.o" 
"CC ../drivers/debug/quark_se/sensor/obj/i2c/qm_ss_i2c.o" 
"CC ../drivers/debug/quark_se/sensor/obj/interrupt/qm_ss_interrupt.o" 
"CC ../drivers/debug/quark_se/sensor/obj/spi/qm_ss_spi.o" 
"CC ../drivers/debug/quark_se/sensor/obj/timer/qm_ss_timer.o" 
"CC ../drivers/debug/quark_se/sensor/obj/pinmux/qm_pinmux.o" 
"CC ../drivers/debug/quark_se/sensor/obj/pwm/qm_pwm.o" 
"CC ../drivers/debug/quark_se/sensor/obj/rtc/qm_rtc.o" 
"CC ../drivers/debug/quark_se/sensor/obj/spi/qm_spi.o" 
"CC ../drivers/debug/quark_se/sensor/obj/uart/qm_uart.o" 
"CC ../drivers/debug/quark_se/sensor/obj/qm_version.o" 
"CC ../drivers/debug/quark_se/sensor/obj/wdt/qm_wdt.o" 
"CC ../drivers/debug/quark_se/sensor/obj/soc_watch.o" 
"CC ../drivers/debug/quark_se/sensor/obj/usb/qm_usb.o" 
"CC ../soc/quark_se/debug/quark_se/sensor/obj/clk.o" 
"CC ../soc/quark_se/debug/quark_se/sensor/obj/power_states.o" 
"CC ../soc/quark_se/debug/quark_se/sensor/obj/qm_interrupt_router.o" 
"CC ../soc/quark_se/debug/quark_se/sensor/obj/ss_power_states.o" 
"CC ../soc/quark_se/debug/quark_se/sensor/obj/vreg.o" 
"AR ../build/debug/quark_se/sensor/libqmsi/lib/libqmsi_quark_se_1.4.0d.a" 
make[1]: Leaving directory `C:/IntelSWTools/ISSM_2016.2.094/workspace2/sensor_hub_ss_109_updated_azwan_new_3g/bsp/drivers'
"CC debug/quark_se/sensor/obj/./main.o" 
"CC debug/quark_se/sensor/obj/"."/app_entry.o" 
"CC debug/quark_se/sensor/obj/"."/newlib-syscalls.o" 
"CC debug/quark_se/sensor/obj/init.o" 
"CC debug/quark_se/sensor/obj/startup.s.o" 
"CC debug/quark_se/sensor/obj/420ma_sensor.o" 
"CC debug/quark_se/sensor/obj/battery_level.o" 
"CC debug/quark_se/sensor/obj/soil_ec_ae0001.o" 
"CC debug/quark_se/sensor/obj/soil_moisture_ae0001.o" 
"CC debug/quark_se/sensor/obj/soil_ph_sen0169.o" 
"CC debug/quark_se/sensor/obj/temp_atlas_pt1000.o" 
"CC debug/quark_se/sensor/obj/vin_level.o" 
"CC debug/quark_se/sensor/obj/water_level_hpt604.o" 
"CC debug/quark_se/sensor/obj/adc.o" 
"CC debug/quark_se/sensor/obj/gpio.o" 
"CC debug/quark_se/sensor/obj/mailbox.o" 
"LD debug/quark_se/sensor/bin/sensor_hub_ss_109_updated_azwan_new_3g.bin" 
"Size debug/quark_se/sensor/bin/sensor_hub_ss_109_updated_azwan_new_3g.bin" 
   text	   data	    bss	    dec	    hex	filename
  11652	     32	    792	  12476	   30bc	./debug/quark_se/sensor/obj/sensor_hub_ss_109_updated_azwan_new_3g.elf
"Objcopy debug/quark_se/sensor/bin/sensor_hub_ss_109_updated_azwan_new_3g.bin" 

14:14:30 Build Finished (took 8s.935ms)

