14:32:54 **** Incremental Build of configuration Debug for project Sensor_Subsystem__SS__Gyroscope ****
make 
APP_NAME = Sensor_Subsystem__SS__Gyroscope
SOC = quark_se
TARGET = sensor
APP_DIR = .
BUILD = debug
CSTD = c99
VERSION = '1.4.0'
make -C ./bsp/drivers SOC=quark_se TARGET=sensor BUILD=debug V=0 CSTD=c99 ITA_NO_ASSERT=0
BUILD = debug
CSTD = c99
VERSION = '1.4.0'
make[1]: Entering directory `C:/IntelSWTools/ISSM_2016.2.094/workspace2/Sensor_Subsystem__SS__Gyroscope/bsp/drivers'
make[1]: Nothing to be done for `all'.
make[1]: Leaving directory `C:/IntelSWTools/ISSM_2016.2.094/workspace2/Sensor_Subsystem__SS__Gyroscope/bsp/drivers'
"CC debug/quark_se/sensor/obj/./main.o" 
"CC debug/quark_se/sensor/obj/"."/app_entry.o" 
"CC debug/quark_se/sensor/obj/"."/newlib-syscalls.o" 
"LD debug/quark_se/sensor/bin/Sensor_Subsystem__SS__Gyroscope.bin" 
"Size debug/quark_se/sensor/bin/Sensor_Subsystem__SS__Gyroscope.bin" 
   text	   data	    bss	    dec	    hex	filename
   6994	     28	     88	   7110	   1bc6	./debug/quark_se/sensor/obj/Sensor_Subsystem__SS__Gyroscope.elf
"Objcopy debug/quark_se/sensor/bin/Sensor_Subsystem__SS__Gyroscope.bin" 

14:32:55 Build Finished (took 770ms)

