08:44:15 **** Incremental Build of configuration Debug for project sensor_hub_106 ****
make 
APP_NAME = sensor_hub_106
SOC = quark_se
TARGET = x86
APP_DIR = .
BUILD = debug
CSTD = c99
VERSION = '1.4.0'
make -C ./bsp/drivers SOC=quark_se TARGET=x86 BUILD=debug V=0 CSTD=c99 ITA_NO_ASSERT=0
BUILD = debug
CSTD = c99
VERSION = '1.4.0'
make[1]: Entering directory `C:/IntelSWTools/ISSM_2016.2.094/workspace2/sensor_hub_106/bsp/drivers'
make[1]: Leaving directory `C:/IntelSWTools/ISSM_2016.2.094/workspace2/sensor_hub_106/bsp/drivers'
"CC debug/quark_se/x86/obj/./main.o" 
"CC debug/quark_se/x86/obj/"."/app_entry.o" 
"CC debug/quark_se/x86/obj/"."/newlib-syscalls.o" 
"LD debug/quark_se/x86/bin/sensor_hub_106.bin" 
"Size debug/quark_se/x86/bin/sensor_hub_106.bin" 
   text	   data	    bss	    dec	    hex	filename
  13690	     48	    528	  14266	   37ba	./debug/quark_se/x86/obj/sensor_hub_106.elf
"Objcopy debug/quark_se/x86/bin/sensor_hub_106.bin" 

08:44:18 Build Finished (took 3s.127ms)

