15:16:55 **** Incremental Build of configuration Debug for project sensor_hub_109_old ****
make 
APP_NAME = sensor_hub_109_old
SOC = quark_se
TARGET = x86
APP_DIR = .
BUILD = debug
CSTD = c99
VERSION = '1.4.0'
make -C ./bsp/drivers SOC=quark_se TARGET=x86 BUILD=debug V=0 CSTD=c99 ITA_NO_ASSERT=0
BUILD = debug
CSTD = c99
VERSION = '1.4.0'
make[1]: Entering directory `D:/azwan/Atilze/workspace2/sensor_hub_109_old/bsp/drivers'
make[1]: Leaving directory `D:/azwan/Atilze/workspace2/sensor_hub_109_old/bsp/drivers'
"CC debug/quark_se/x86/obj/./main.o" 
"CC debug/quark_se/x86/obj/"."/app_entry.o" 
"CC debug/quark_se/x86/obj/"."/newlib-syscalls.o" 
"LD debug/quark_se/x86/bin/sensor_hub_109_old.bin" 
"Size debug/quark_se/x86/bin/sensor_hub_109_old.bin" 
   text	   data	    bss	    dec	    hex	filename
  18789	     48	    520	  19357	   4b9d	./debug/quark_se/x86/obj/sensor_hub_109_old.elf
"Objcopy debug/quark_se/x86/bin/sensor_hub_109_old.bin" 

15:17:01 Build Finished (took 6s.96ms)

