15:16:20 **** Incremental Build of configuration Debug for project sensor_hub_ss_107_new_farah ****
make 
APP_NAME = sensor_hub_ss_107_new_farah
SOC = quark_se
TARGET = sensor
APP_DIR = .
BUILD = debug
CSTD = c99
VERSION = '1.4.0'
make -C ./bsp/drivers SOC=quark_se TARGET=sensor BUILD=debug V=0 CSTD=c99 ITA_NO_ASSERT=0
BUILD = debug
CSTD = c99
VERSION = '1.4.0'
make[1]: Entering directory `D:/azwan/Atilze/workspace2/sensor_hub_ss_107_new_farah/bsp/drivers'
make[1]: Leaving directory `D:/azwan/Atilze/workspace2/sensor_hub_ss_107_new_farah/bsp/drivers'
"CC debug/quark_se/sensor/obj/./main.o" 
"CC debug/quark_se/sensor/obj/"."/app_entry.o" 
"CC debug/quark_se/sensor/obj/"."/newlib-syscalls.o" 
"LD debug/quark_se/sensor/bin/sensor_hub_ss_107_new_farah.bin" 
"Size debug/quark_se/sensor/bin/sensor_hub_ss_107_new_farah.bin" 
   text	   data	    bss	    dec	    hex	filename
  61480	   2268	    864	  64612	   fc64	./debug/quark_se/sensor/obj/sensor_hub_ss_107_new_farah.elf
"Objcopy debug/quark_se/sensor/bin/sensor_hub_ss_107_new_farah.bin" 

15:16:26 Build Finished (took 6s.488ms)

