Archive member included to satisfy reference by file (symbol)

c:/intelswtools/issm_2016.2.094/tools/compiler/gcc-ia/5.2.1/bin/../lib/gcc/i586-intel-elfiamcu/5.2.1/../../../../i586-intel-elfiamcu/lib\libc.a(lib_a-atoi.o)
                              ./debug/quark_se/x86/obj/ultrasonic_mb7060.o (atoi)
c:/intelswtools/issm_2016.2.094/tools/compiler/gcc-ia/5.2.1/bin/../lib/gcc/i586-intel-elfiamcu/5.2.1/../../../../i586-intel-elfiamcu/lib\libc.a(lib_a-errno.o)
                              ./debug/quark_se/x86/obj/./newlib-syscalls.o (__errno)
c:/intelswtools/issm_2016.2.094/tools/compiler/gcc-ia/5.2.1/bin/../lib/gcc/i586-intel-elfiamcu/5.2.1/../../../../i586-intel-elfiamcu/lib\libc.a(lib_a-impure.o)
                              c:/intelswtools/issm_2016.2.094/tools/compiler/gcc-ia/5.2.1/bin/../lib/gcc/i586-intel-elfiamcu/5.2.1/../../../../i586-intel-elfiamcu/lib\libc.a(lib_a-errno.o) (_impure_ptr)
c:/intelswtools/issm_2016.2.094/tools/compiler/gcc-ia/5.2.1/bin/../lib/gcc/i586-intel-elfiamcu/5.2.1/../../../../i586-intel-elfiamcu/lib\libc.a(lib_a-memcpy.o)
                              ./debug/quark_se/x86/obj/./app_entry.o (memcpy)
c:/intelswtools/issm_2016.2.094/tools/compiler/gcc-ia/5.2.1/bin/../lib/gcc/i586-intel-elfiamcu/5.2.1/../../../../i586-intel-elfiamcu/lib\libc.a(lib_a-memset.o)
                              ./debug/quark_se/x86/obj/./app_entry.o (memset)
c:/intelswtools/issm_2016.2.094/tools/compiler/gcc-ia/5.2.1/bin/../lib/gcc/i586-intel-elfiamcu/5.2.1/../../../../i586-intel-elfiamcu/lib\libc.a(lib_a-printf.o)
                              ./debug/quark_se/x86/obj/do_kit103d.o (printf)
c:/intelswtools/issm_2016.2.094/tools/compiler/gcc-ia/5.2.1/bin/../lib/gcc/i586-intel-elfiamcu/5.2.1/../../../../i586-intel-elfiamcu/lib\libc.a(lib_a-putchar.o)
                              ./debug/quark_se/x86/obj/do_kit103d.o (putchar)
c:/intelswtools/issm_2016.2.094/tools/compiler/gcc-ia/5.2.1/bin/../lib/gcc/i586-intel-elfiamcu/5.2.1/../../../../i586-intel-elfiamcu/lib\libc.a(lib_a-putc.o)
                              c:/intelswtools/issm_2016.2.094/tools/compiler/gcc-ia/5.2.1/bin/../lib/gcc/i586-intel-elfiamcu/5.2.1/../../../../i586-intel-elfiamcu/lib\libc.a(lib_a-putchar.o) (_putc_r)
c:/intelswtools/issm_2016.2.094/tools/compiler/gcc-ia/5.2.1/bin/../lib/gcc/i586-intel-elfiamcu/5.2.1/../../../../i586-intel-elfiamcu/lib\libc.a(lib_a-strtol.o)
                              c:/intelswtools/issm_2016.2.094/tools/compiler/gcc-ia/5.2.1/bin/../lib/gcc/i586-intel-elfiamcu/5.2.1/../../../../i586-intel-elfiamcu/lib\libc.a(lib_a-atoi.o) (_strtol_r)
c:/intelswtools/issm_2016.2.094/tools/compiler/gcc-ia/5.2.1/bin/../lib/gcc/i586-intel-elfiamcu/5.2.1/../../../../i586-intel-elfiamcu/lib\libc.a(lib_a-wbuf.o)
                              c:/intelswtools/issm_2016.2.094/tools/compiler/gcc-ia/5.2.1/bin/../lib/gcc/i586-intel-elfiamcu/5.2.1/../../../../i586-intel-elfiamcu/lib\libc.a(lib_a-putc.o) (__swbuf_r)
c:/intelswtools/issm_2016.2.094/tools/compiler/gcc-ia/5.2.1/bin/../lib/gcc/i586-intel-elfiamcu/5.2.1/../../../../i586-intel-elfiamcu/lib\libc.a(lib_a-wsetup.o)
                              c:/intelswtools/issm_2016.2.094/tools/compiler/gcc-ia/5.2.1/bin/../lib/gcc/i586-intel-elfiamcu/5.2.1/../../../../i586-intel-elfiamcu/lib\libc.a(lib_a-wbuf.o) (__swsetup_r)
c:/intelswtools/issm_2016.2.094/tools/compiler/gcc-ia/5.2.1/bin/../lib/gcc/i586-intel-elfiamcu/5.2.1/../../../../i586-intel-elfiamcu/lib\libc.a(lib_a-ctype_.o)
                              c:/intelswtools/issm_2016.2.094/tools/compiler/gcc-ia/5.2.1/bin/../lib/gcc/i586-intel-elfiamcu/5.2.1/../../../../i586-intel-elfiamcu/lib\libc.a(lib_a-strtol.o) (__ctype_ptr__)
c:/intelswtools/issm_2016.2.094/tools/compiler/gcc-ia/5.2.1/bin/../lib/gcc/i586-intel-elfiamcu/5.2.1/../../../../i586-intel-elfiamcu/lib\libc.a(lib_a-fflush.o)
                              c:/intelswtools/issm_2016.2.094/tools/compiler/gcc-ia/5.2.1/bin/../lib/gcc/i586-intel-elfiamcu/5.2.1/../../../../i586-intel-elfiamcu/lib\libc.a(lib_a-wbuf.o) (_fflush_r)
c:/intelswtools/issm_2016.2.094/tools/compiler/gcc-ia/5.2.1/bin/../lib/gcc/i586-intel-elfiamcu/5.2.1/../../../../i586-intel-elfiamcu/lib\libc.a(lib_a-findfp.o)
                              c:/intelswtools/issm_2016.2.094/tools/compiler/gcc-ia/5.2.1/bin/../lib/gcc/i586-intel-elfiamcu/5.2.1/../../../../i586-intel-elfiamcu/lib\libc.a(lib_a-putc.o) (__sinit)
c:/intelswtools/issm_2016.2.094/tools/compiler/gcc-ia/5.2.1/bin/../lib/gcc/i586-intel-elfiamcu/5.2.1/../../../../i586-intel-elfiamcu/lib\libc.a(lib_a-fwalk.o)
                              c:/intelswtools/issm_2016.2.094/tools/compiler/gcc-ia/5.2.1/bin/../lib/gcc/i586-intel-elfiamcu/5.2.1/../../../../i586-intel-elfiamcu/lib\libc.a(lib_a-fflush.o) (_fwalk_reent)
c:/intelswtools/issm_2016.2.094/tools/compiler/gcc-ia/5.2.1/bin/../lib/gcc/i586-intel-elfiamcu/5.2.1/../../../../i586-intel-elfiamcu/lib\libc.a(lib_a-makebuf.o)
[...]
Memory Configuration

Name             Origin             Length             Attributes
flash0           0x40000000         0x00030000         r
flash1           0x40030000         0x00030000         r
x86_esram        0xa800a000         0x000099e0         rw
x86_stack        0xa80139e0         0x000003dc         rw
x86_esram_idt    0xa8013dbc         0x00000220         rw
esram_restore_info 0xa8013fdc         0x00000004         rw
esram_gdt        0xa8013fe0         0x00000020         rw
sensor_ivt       0xa8000000         0x00000110         rw
sensor_ivt_padding 0xa8000110         0x000002f0         rw
sensor_esram     0xa8000400         0x00009800         rw
sensor_stack     0xa8009c00         0x00000400         rw
sensor_flash     0x40000000         0x0002f000         r
bl_data          0x4002f000         0x00001000         r
x86_flash        0x40030000         0x00030000         r
*default*        0x00000000         0xffffffff

Linker script and memory map

                0xa8013dbc                __idt_start = ORIGIN (x86_esram_idt)
                0xa8013fdc                __idt_end = (__idt_start + LENGTH (x86_esram_idt))
                0xa8013fdc                __x86_restore_info = ORIGIN (esram_restore_info)
                0xa8013fe0                __x86_restore_info_end = (__x86_restore_info + LENGTH (esram_restore_info))
                0xa8013fe0                __gdt_start = ORIGIN (esram_gdt)
                0xa8014000                __gdt_end = (__gdt_start + LENGTH (esram_gdt))
                0x40000000                __sensor_flash_start = ORIGIN (sensor_flash)
                0x40030000                __x86_flash_start = ORIGIN (x86_flash)
                0x4002f000                __bl_data_start = ORIGIN (bl_data)
                0xa8000000                __sensor_reset_vector = ORIGIN (sensor_ivt)
                0xa8013dbc                __stack_start = (ORIGIN (x86_stack) + LENGTH (x86_stack))

.text           0x40030000     0x208a
 *(.text.entry)
 .text.entry    0x40030000       0x41 ./debug/quark_se/x86/obj/./app_entry.o
                0x40030000                _start
 *(.text)
 *(.text.last)
 *(.text.*)
 .text.main     0x40030041      0x178 ./debug/quark_se/x86/obj/./main.o
                0x40030041                main
 .text.pico_putchar
                0x400301b9       0x22 ./debug/quark_se/x86/obj/./newlib-syscalls.o
 .text.last_digit_to_char
                0x400301db       0x47 ./debug/quark_se/x86/obj/./newlib-syscalls.o
 .text.putuint  0x40030222       0x85 ./debug/quark_se/x86/obj/./newlib-syscalls.o
 .text.pico_putchars
                0x400302a7       0x33 ./debug/quark_se/x86/obj/./newlib-syscalls.o
 .text.pico_printf
                0x400302da      0x179 ./debug/quark_se/x86/obj/./newlib-syscalls.o
                0x400302da                pico_printf
 .text.stdout_uart_setup
                0x40030453       0x6a ./debug/quark_se/x86/obj/./newlib-syscalls.o
                0x40030453                stdout_uart_setup
 .text.puts     0x400304bd       0x41 ./debug/quark_se/x86/obj/./newlib-syscalls.o
                0x400304bd                puts
 .text.clk_rtc_set_div
                0x400304fe       0x52 ./bsp/soc/quark_se/debug/quark_se/x86/obj/clk.o
                0x400304fe                clk_rtc_set_div
 .text.clk_periph_enable
                0x40030550       0x33 ./bsp/soc/quark_se/debug/quark_se/x86/obj/clk.o
                0x40030550                clk_periph_enable
 .text.clk_sys_udelay
                0x40030583       0x42 ./bsp/soc/quark_se/debug/quark_se/x86/obj/clk.o
                0x40030583                clk_sys_udelay
 .text.qm_power_soc_deep_sleep
                0x400305c5       0x40 ./bsp/soc/quark_se/debug/quark_se/x86/obj/power_states.o
                0x400305c5                qm_power_soc_deep_sleep
 .text._qm_ir_unmask_int
                0x40030605       0x83 ./bsp/soc/quark_se/debug/quark_se/x86/obj/qm_interrupt_router.o
                0x40030605                _qm_ir_unmask_int
 .text._qm_ir_mask_int
                0x40030688       0x83 ./bsp/soc/quark_se/debug/quark_se/x86/obj/qm_interrupt_router.o
                0x40030688                _qm_ir_mask_int
 .text.sensor_vectors_protect
                0x4003070b       0x15 ./bsp/soc/quark_se/debug/quark_se/x86/obj/ss_init.o
 .text.sensor_activation
                0x40030720       0x3a ./bsp/soc/quark_se/debug/quark_se/x86/obj/ss_init.o
                0x40030720                sensor_activation
 .text.vreg_set_mode
                0x4003075a       0x8f ./bsp/soc/quark_se/debug/quark_se/x86/obj/vreg.o
 .text.vreg_plat3p3_set_mode
                0x400307e9       0x27 ./bsp/soc/quark_se/debug/quark_se/x86/obj/vreg.o
                0x400307e9                vreg_plat3p3_set_mode
 .text.vreg_plat1p8_set_mode
                0x40030810       0x27 ./bsp/soc/quark_se/debug/quark_se/x86/obj/vreg.o
                0x40030810                vreg_plat1p8_set_mode
 .text.cellular_3g_init
                0x40030837      0x296 ./debug/quark_se/x86/obj/cellular_3g.o
                0x40030837                cellular_3g_init
 .text.cellular_3g_connect
                0x40030acd      0x16d ./debug/quark_se/x86/obj/cellular_3g.o
                0x40030acd                cellular_3g_connect
 .text.debug_init
                0x40030c3a       0x99 ./debug/quark_se/x86/obj/debug_mode.o
                0x40030c3a                debug_init
 .text.gpio_init
                0x40030cd3       0xd0 ./debug/quark_se/x86/obj/gpio.o
                0x40030cd3                gpio_init
 .text.led_b_flash
                0x40030da3       0x2e ./debug/quark_se/x86/obj/gpio.o
                0x40030da3                led_b_flash
 .text.led_r_flash
                0x40030dd1       0x2e ./debug/quark_se/x86/obj/gpio.o
                0x40030dd1                led_r_flash
 .text.led_b_on
                0x40030dff       0x15 ./debug/quark_se/x86/obj/gpio.o
                0x40030dff                led_b_on
 .text.qm_int_vector_request
                0x40030e14       0x1a ./debug/quark_se/x86/obj/mailbox.o
 .text.mailbox_cb
                0x40030e2e       0x13 ./debug/quark_se/x86/obj/mailbox.o
                0x40030e2e                mailbox_cb
 .text.request_ss_data
                0x40030e41       0x6f ./debug/quark_se/x86/obj/mailbox.o
                0x40030e41                request_ss_data
 .text.read_mailbox_data
                0x40030eb0       0xa1 ./debug/quark_se/x86/obj/mailbox.o
                0x40030eb0                read_mailbox_data
 .text.get_ss_data
                0x40030f51       0x53 ./debug/quark_se/x86/obj/mailbox.o
                0x40030f51                get_ss_data
 .text.mailbox_init
                0x40030fa4       0x6f ./debug/quark_se/x86/obj/mailbox.o
                0x40030fa4                mailbox_init
 .text.qm_int_vector_request
                0x40031013       0x1a ./debug/quark_se/x86/obj/power.o
 .text.setup_rtc_alarm
                0x4003102d       0x81 ./debug/quark_se/x86/obj/power.o
                0x4003102d                setup_rtc_alarm
 .text.app_deep_sleep
                0x400310ae       0x10 ./debug/quark_se/x86/obj/power.o
 .text.enter_low_power
                0x400310be       0x29 ./debug/quark_se/x86/obj/power.o
                0x400310be                enter_low_power
 .text.radio_send_data
                0x400310e7       0xa8 ./debug/quark_se/x86/obj/radio.o
                0x400310e7                radio_send_data
 .text.sensors_init
                0x4003118f        0x6 ./debug/quark_se/x86/obj/sensor.o
                0x4003118f                sensors_init
 .text.xbee_init
                0x40031195       0x22 ./debug/quark_se/x86/obj/xbee.o
                0x40031195                xbee_init
 .text.memcpy   0x400311b7        0xb c:/intelswtools/issm_2016.2.094/tools/compiler/gcc-ia/5.2.1/bin/../lib/gcc/i586-intel-elfiamcu/5.2.1/../../../../i586-intel-elfiamcu/lib\libc.a(lib_a-memcpy.o)
                0x400311b7                memcpy
 .text.memset   0x400311c2        0xe c:/intelswtools/issm_2016.2.094/tools/compiler/gcc-ia/5.2.1/bin/../lib/gcc/i586-intel-elfiamcu/5.2.1/../../../../i586-intel-elfiamcu/lib\libc.a(lib_a-memset.o)
                0x400311c2                memset
 .text.qm_gpio_set_config
                0x400311d0       0xd4 ./bsp/build/debug/quark_se/x86/libqmsi/lib\libqmsi_quark_se_1.4.0d.a(qm_gpio.o)
                0x400311d0                qm_gpio_set_config
 .text.qm_gpio_set_pin
                0x400312a4       0x5f ./bsp/build/debug/quark_se/x86/libqmsi/lib\libqmsi_quark_se_1.4.0d.a(qm_gpio.o)
                0x400312a4                qm_gpio_set_pin
 .text.qm_gpio_clear_pin
                0x40031303       0x61 ./bsp/build/debug/quark_se/x86/libqmsi/lib\libqmsi_quark_se_1.4.0d.a(qm_gpio.o)
                0x40031303                qm_gpio_clear_pin
 .text.idt_set_intr_gate_desc
                0x40031364       0x57 ./bsp/build/debug/quark_se/x86/libqmsi/lib\libqmsi_quark_se_1.4.0d.a(qm_interrupt.o)
 .text._ioapic_get_redtbl_entry_lo
                0x400313bb       0x22 ./bsp/build/debug/quark_se/x86/libqmsi/lib\libqmsi_quark_se_1.4.0d.a(qm_interrupt.o)
 .text._ioapic_set_redtbl_entry_lo
                0x400313dd       0x29 ./bsp/build/debug/quark_se/x86/libqmsi/lib\libqmsi_quark_se_1.4.0d.a(qm_interrupt.o)
 .text.ioapic_register_irq
                0x40031406       0x5f ./bsp/build/debug/quark_se/x86/libqmsi/lib\libqmsi_quark_se_1.4.0d.a(qm_interrupt.o)
 .text.ioapic_unmask_irq
                0x40031465       0x29 ./bsp/build/debug/quark_se/x86/libqmsi/lib\libqmsi_quark_se_1.4.0d.a(qm_interrupt.o)
 .text._qm_irq_setup
                0x4003148e       0x22 ./bsp/build/debug/quark_se/x86/libqmsi/lib\libqmsi_quark_se_1.4.0d.a(qm_interrupt.o)
                0x4003148e                _qm_irq_setup
 .text._qm_register_isr
                0x400314b0       0x1a ./bsp/build/debug/quark_se/x86/libqmsi/lib\libqmsi_quark_se_1.4.0d.a(qm_interrupt.o)
                0x400314b0                _qm_register_isr
 .text.qm_mailbox_0_isr
                0x400314ca       0x39 ./bsp/build/debug/quark_se/x86/libqmsi/lib\libqmsi_quark_se_1.4.0d.a(qm_mailbox_se.o)
                0x400314ca                qm_mailbox_0_isr
 .text.mailbox_isr_handler
                0x40031503       0xe4 ./bsp/build/debug/quark_se/x86/libqmsi/lib\libqmsi_quark_se_1.4.0d.a(qm_mailbox_se.o)
 .text.qm_mbox_ch_set_config
                0x400315e7      0x1b7 ./bsp/build/debug/quark_se/x86/libqmsi/lib\libqmsi_quark_se_1.4.0d.a(qm_mailbox_se.o)
                0x400315e7                qm_mbox_ch_set_config
 .text.qm_mbox_ch_write
                0x4003179e       0xbb ./bsp/build/debug/quark_se/x86/libqmsi/lib\libqmsi_quark_se_1.4.0d.a(qm_mailbox_se.o)
                0x4003179e                qm_mbox_ch_write
 .text.qm_mbox_ch_read
                0x40031859       0xf5 ./bsp/build/debug/quark_se/x86/libqmsi/lib\libqmsi_quark_se_1.4.0d.a(qm_mailbox_se.o)
                0x40031859                qm_mbox_ch_read
 .text.qm_mpr_set_config
                0x4003194e       0xb8 ./bsp/build/debug/quark_se/x86/libqmsi/lib\libqmsi_quark_se_1.4.0d.a(qm_mpr.o)
                0x4003194e                qm_mpr_set_config
 .text.pin_to_register
                0x40031a06       0x27 ./bsp/build/debug/quark_se/x86/libqmsi/lib\libqmsi_quark_se_1.4.0d.a(qm_pinmux.o)
 .text.pin_to_offset
                0x40031a2d       0x2d ./bsp/build/debug/quark_se/x86/libqmsi/lib\libqmsi_quark_se_1.4.0d.a(qm_pinmux.o)
 .text.qm_pmux_select
                0x40031a5a       0xb6 ./bsp/build/debug/quark_se/x86/libqmsi/lib\libqmsi_quark_se_1.4.0d.a(qm_pinmux.o)
                0x40031a5a                qm_pmux_select
 .text.qm_pmux_input_en
                0x40031b10       0x9b ./bsp/build/debug/quark_se/x86/libqmsi/lib\libqmsi_quark_se_1.4.0d.a(qm_pinmux.o)
                0x40031b10                qm_pmux_input_en
 .text.qm_rtc_0_isr
                0x40031bab       0x68 ./bsp/build/debug/quark_se/x86/libqmsi/lib\libqmsi_quark_se_1.4.0d.a(qm_rtc.o)
                0x40031bab                qm_rtc_0_isr
 .text.qm_rtc_set_config
                0x40031c13      0x127 ./bsp/build/debug/quark_se/x86/libqmsi/lib\libqmsi_quark_se_1.4.0d.a(qm_rtc.o)
                0x40031c13                qm_rtc_set_config
 .text.qm_rtc_set_alarm
                0x40031d3a       0x6a ./bsp/build/debug/quark_se/x86/libqmsi/lib\libqmsi_quark_se_1.4.0d.a(qm_rtc.o)
                0x40031d3a                qm_rtc_set_alarm
 .text.qm_uart_set_config
                0x40031da4       0xe4 ./bsp/build/debug/quark_se/x86/libqmsi/lib\libqmsi_quark_se_1.4.0d.a(qm_uart.o)
                0x40031da4                qm_uart_set_config
 .text.qm_uart_get_status
                0x40031e88       0xa5 ./bsp/build/debug/quark_se/x86/libqmsi/lib\libqmsi_quark_se_1.4.0d.a(qm_uart.o)
                0x40031e88                qm_uart_get_status
 .text.qm_uart_write
                0x40031f2d       0x54 ./bsp/build/debug/quark_se/x86/libqmsi/lib\libqmsi_quark_se_1.4.0d.a(qm_uart.o)
                0x40031f2d                qm_uart_write
 .text.qm_uart_read
                0x40031f81       0x8b ./bsp/build/debug/quark_se/x86/libqmsi/lib\libqmsi_quark_se_1.4.0d.a(qm_uart.o)
                0x40031f81                qm_uart_read
 .text.qm_uart_write_buffer
                0x4003200c       0x7e ./bsp/build/debug/quark_se/x86/libqmsi/lib\libqmsi_quark_se_1.4.0d.a(qm_uart.o)
                0x4003200c                qm_uart_write_buffer

.iplt           0x40032090        0x0
 .iplt          0x40032090        0x0 ./debug/quark_se/x86/obj/./main.o

.rodata         0x4003208c       0xb8
 *(.rdata*)
 *(.rodata*)
 .rodata        0x4003208c       0x2a ./debug/quark_se/x86/obj/./main.o
 *fill*         0x400320b6        0x2 
 .rodata.main   0x400320b8       0x14 ./debug/quark_se/x86/obj/./main.o
 .rodata.cfg.3021
                0x400320cc        0x5 ./bsp/soc/quark_se/debug/quark_se/x86/obj/ss_init.o
 *fill*         0x400320d1        0x3 
 .rodata        0x400320d4       0x44 ./debug/quark_se/x86/obj/mailbox.o
 .rodata        0x40032118       0x14 ./debug/quark_se/x86/obj/power.o
 .rodata        0x4003212c       0x18 ./debug/quark_se/x86/obj/radio.o

.rel.dyn        0x40032144        0x0
 .rel.iplt      0x40032144        0x0 ./debug/quark_se/x86/obj/./main.o
 .rel.text.main
                0x40032144        0x0 ./debug/quark_se/x86/obj/./main.o
 .rel.text.entry
                0x40032144        0x0 ./debug/quark_se/x86/obj/./main.o
 .rel.text.pico_putchar
                0x40032144        0x0 ./debug/quark_se/x86/obj/./main.o
 .rel.text.stdout_uart_setup
                0x40032144        0x0 ./debug/quark_se/x86/obj/./main.o
 .rel.text.puts
                0x40032144        0x0 ./debug/quark_se/x86/obj/./main.o
 .rel.text.__assert_func
                0x40032144        0x0 ./debug/quark_se/x86/obj/./main.o
 .rel.text.close
                0x40032144        0x0 ./debug/quark_se/x86/obj/./main.o
 .rel.text.isatty
                0x40032144        0x0 ./debug/quark_se/x86/obj/./main.o
 .rel.text.read
                0x40032144        0x0 ./debug/quark_se/x86/obj/./main.o
 .rel.text.write
                0x40032144        0x0 ./debug/quark_se/x86/obj/./main.o
 .rel.text.lseek
                0x40032144        0x0 ./debug/quark_se/x86/obj/./main.o
 .rel.text.fstat
                0x40032144        0x0 ./debug/quark_se/x86/obj/./main.o
 .rel.text.sbrk
                0x40032144        0x0 ./debug/quark_se/x86/obj/./main.o
 .rel.data.prog_break.3636
                0x40032144        0x0 ./debug/quark_se/x86/obj/./main.o
 .rel.text.apply_flash_timings
                0x40032144        0x0 ./debug/quark_se/x86/obj/./main.o
 .rel.text.qm_power_soc_deep_sleep
                0x40032144        0x0 ./debug/quark_se/x86/obj/./main.o
 .rel.text.qm_power_soc_sleep_restore
                0x40032144        0x0 ./debug/quark_se/x86/obj/./main.o
 .rel.text.qm_power_soc_deep_sleep_restore
                0x40032144        0x0 ./debug/quark_se/x86/obj/./main.o
 .rel.text.qm_power_sleep_wait
                0x40032144        0x0 ./debug/quark_se/x86/obj/./main.o
 .rel.text.sensor_vectors_protect
                0x40032144        0x0 ./debug/quark_se/x86/obj/./main.o
 .rel.text.sensor_activation
                0x40032144        0x0 ./debug/quark_se/x86/obj/./main.o
 .rel.text.do_kit103d_init
                0x40032144        0x0 ./debug/quark_se/x86/obj/./main.o
 .rel.text.get_do_kit103d
                0x40032144        0x0 ./debug/quark_se/x86/obj/./main.o
 .rel.text.get_fertipumpA_status
                0x40032144        0x0 ./debug/quark_se/x86/obj/./main.o
 .rel.text.get_fertipumpB_status
                0x40032144        0x0 ./debug/quark_se/x86/obj/./main.o
 .rel.text.get_tank_A_level
                0x40032144        0x0 ./debug/quark_se/x86/obj/./main.o
 .rel.text.get_tank_B_level
                0x40032144        0x0 ./debug/quark_se/x86/obj/./main.o
 .rel.text.init_pm25_control
                0x40032144        0x0 ./debug/quark_se/x86/obj/./main.o
 .rel.text.pm25_hpma115_init
                0x40032144        0x0 ./debug/quark_se/x86/obj/./main.o
 .rel.text.get_pm25_hpma115
                0x40032144        0x0 ./debug/quark_se/x86/obj/./main.o
 .rel.text.init_voltages_enable
                0x40032144        0x0 ./debug/quark_se/x86/obj/./main.o
 .rel.text.init_uart
                0x40032144        0x0 ./debug/quark_se/x86/obj/./main.o
 .rel.text.data_input
                0x40032144        0x0 ./debug/quark_se/x86/obj/./main.o
 .rel.text.data_output
                0x40032144        0x0 ./debug/quark_se/x86/obj/./main.o
 .rel.text.send_ack
                0x40032144        0x0 ./debug/quark_se/x86/obj/./main.o
 .rel.text.skip_ack
                0x40032144        0x0 ./debug/quark_se/x86/obj/./main.o
 .rel.text.connection_reset
                0x40032144        0x0 ./debug/quark_se/x86/obj/./main.o
 .rel.text.sht11_recv_byte
                0x40032144        0x0 ./debug/quark_se/x86/obj/./main.o
 .rel.text.start_transmission
                0x40032144        0x0 ./debug/quark_se/x86/obj/./main.o
 .rel.text.send_command
                0x40032144        0x0 ./debug/quark_se/x86/obj/./main.o
 .rel.text.wait_for_result
                0x40032144        0x0 ./debug/quark_se/x86/obj/./main.o
 .rel.text.calc_temp
                0x40032144        0x0 ./debug/quark_se/x86/obj/./main.o
 .rel.text.calc_rh_linear
                0x40032144        0x0 ./debug/quark_se/x86/obj/./main.o
 .rel.text.calc_rh_true
                0x40032144        0x0 ./debug/quark_se/x86/obj/./main.o
 .rel.text.get_sht10_temp
                0x40032144        0x0 ./debug/quark_se/x86/obj/./main.o
 .rel.text.get_sht10_rh_linear
                0x40032144        0x0 ./debug/quark_se/x86/obj/./main.o
 .rel.text.get_sht10_rh_true
                0x40032144        0x0 ./debug/quark_se/x86/obj/./main.o
 .rel.text.init_ultrasonic_control
                0x40032144        0x0 ./debug/quark_se/x86/obj/./main.o
 .rel.text.ultrasonic_mb7060_init
                0x40032144        0x0 ./debug/quark_se/x86/obj/./main.o
 .rel.text.get_ultrasonic_mb7060
                0x40032144        0x0 ./debug/quark_se/x86/obj/./main.o
 .rel.text.cellular_3g_init
                0x40032144        0x0 ./debug/quark_se/x86/obj/./main.o
 .rel.text.cellular_3g_send
                0x40032144        0x0 ./debug/quark_se/x86/obj/./main.o
 .rel.text.cellular_3g_connect
                0x40032144        0x0 ./debug/quark_se/x86/obj/./main.o
 .rel.text.lora_init
                0x40032144        0x0 ./debug/quark_se/x86/obj/./main.o
 .rel.text.lora_send
                0x40032144        0x0 ./debug/quark_se/x86/obj/./main.o
 .rel.text.debug_init
                0x40032144        0x0 ./debug/quark_se/x86/obj/./main.o
 .rel.text.gpio_init
                0x40032144        0x0 ./debug/quark_se/x86/obj/./main.o
 .rel.text.led_b_flash
                0x40032144        0x0 ./debug/quark_se/x86/obj/./main.o
 .rel.text.led_r_flash
                0x40032144        0x0 ./debug/quark_se/x86/obj/./main.o
 .rel.text.led_b_on
                0x40032144        0x0 ./debug/quark_se/x86/obj/./main.o
 .rel.text.led_r_on
                0x40032144        0x0 ./debug/quark_se/x86/obj/./main.o
 .rel.text.qm_int_vector_request
                0x40032144        0x0 ./debug/quark_se/x86/obj/./main.o
 .rel.text.request_ss_data
                0x40032144        0x0 ./debug/quark_se/x86/obj/./main.o
 .rel.text.read_mailbox_data
                0x40032144        0x0 ./debug/quark_se/x86/obj/./main.o
 .rel.text.mailbox_init
                0x40032144        0x0 ./debug/quark_se/x86/obj/./main.o
 .rel.text.setup_rtc_alarm
                0x40032144        0x0 ./debug/quark_se/x86/obj/./main.o
 .rel.text.transmit_data
                0x40032144        0x0 ./debug/quark_se/x86/obj/./main.o
 .rel.text.handle_setup_packet
                0x40032144        0x0 ./debug/quark_se/x86/obj/./main.o
 .rel.text.handle_out_control_transfer
                0x40032144        0x0 ./debug/quark_se/x86/obj/./main.o
 .rel.text.set_config
                0x40032144        0x0 ./debug/quark_se/x86/obj/./main.o
 .rel.text.handle_std_device_req
                0x40032144        0x0 ./debug/quark_se/x86/obj/./main.o
 .rel.text.handle_std_endpoint_req
                0x40032144        0x0 ./debug/quark_se/x86/obj/./main.o
 .rel.text.usb_enable
                0x40032144        0x0 ./debug/quark_se/x86/obj/./main.o
 .rel.text.usb_disable
                0x40032144        0x0 ./debug/quark_se/x86/obj/./main.o
 .rel.text.atoi
                0x40032144        0x0 ./debug/quark_se/x86/obj/./main.o
 .rel.text._atoi_r
                0x40032144        0x0 ./debug/quark_se/x86/obj/./main.o
 .rel.text.__errno
                0x40032144        0x0 ./debug/quark_se/x86/obj/./main.o
 .rel.text._printf_r
                0x40032144        0x0 ./debug/quark_se/x86/obj/./main.o
 .rel.text.printf
                0x40032144        0x0 ./debug/quark_se/x86/obj/./main.o
 .rel.text._putchar_r
                0x40032144        0x0 ./debug/quark_se/x86/obj/./main.o
 .rel.text.putchar
                0x40032144        0x0 ./debug/quark_se/x86/obj/./main.o
 .rel.text._putc_r
                0x40032144        0x0 ./debug/quark_se/x86/obj/./main.o
 .rel.text._strtol_r
                0x40032144        0x0 ./debug/quark_se/x86/obj/./main.o
 .rel.text.__swbuf_r
                0x40032144        0x0 ./debug/quark_se/x86/obj/./main.o
 .rel.text.__swsetup_r
                0x40032144        0x0 ./debug/quark_se/x86/obj/./main.o
 .rel.text.__sflush_r
                0x40032144        0x0 ./debug/quark_se/x86/obj/./main.o
 .rel.text._fflush_r
                0x40032144        0x0 ./debug/quark_se/x86/obj/./main.o
 .rel.text.fflush
                0x40032144        0x0 ./debug/quark_se/x86/obj/./main.o
 .rel.text._cleanup_r
                0x40032144        0x0 ./debug/quark_se/x86/obj/./main.o
 .rel.text.std.isra.0
                0x40032144        0x0 ./debug/quark_se/x86/obj/./main.o
 .rel.text.__sfmoreglue
                0x40032144        0x0 ./debug/quark_se/x86/obj/./main.o
 .rel.text.__smakebuf_r
                0x40032144        0x0 ./debug/quark_se/x86/obj/./main.o
 .rel.text._free_r
                0x40032144        0x0 ./debug/quark_se/x86/obj/./main.o
 .rel.text.__sprint_r
                0x40032144        0x0 ./debug/quark_se/x86/obj/./main.o
 .rel.text._vfprintf_r
                0x40032144        0x0 ./debug/quark_se/x86/obj/./main.o
 .rel.text.__sfvwrite_r
                0x40032144        0x0 ./debug/quark_se/x86/obj/./main.o
 .rel.text._realloc_r
                0x40032144        0x0 ./debug/quark_se/x86/obj/./main.o
 .rel.text.idt_set_intr_gate_desc
                0x40032144        0x0 ./debug/quark_se/x86/obj/./main.o
 .rel.text.qm_uart_dma_channel_config
                0x40032144        0x0 ./debug/quark_se/x86/obj/./main.o
 .rel.text.qm_uart_dma_write
                0x40032144        0x0 ./debug/quark_se/x86/obj/./main.o
 .rel.text.qm_uart_dma_read
                0x40032144        0x0 ./debug/quark_se/x86/obj/./main.o
 .rel.text.qm_uart_dma_write_terminate
                0x40032144        0x0 ./debug/quark_se/x86/obj/./main.o
 .rel.text.qm_uart_dma_read_terminate
                0x40032144        0x0 ./debug/quark_se/x86/obj/./main.o

.data           0xa800a000       0x30 load address 0x40032144
 *(.data*)
 .data.ticks_per_us
                0xa800a000        0x4 ./bsp/soc/quark_se/debug/quark_se/x86/obj/clk.o
 .data.vreg     0xa800a004       0x10 ./bsp/soc/quark_se/debug/quark_se/x86/obj/vreg.o
                0xa800a004                vreg
 .data.mbox_pair
                0xa800a014        0x8 ./debug/quark_se/x86/obj/mailbox.o
                0xa800a014                mbox_pair
 .data.qm_gpio  0xa800a01c        0x8 ./bsp/build/debug/quark_se/x86/libqmsi/lib\libqmsi_quark_se_1.4.0d.a(qm_gpio.o)
                0xa800a01c                qm_gpio
 .data.qm_rtc   0xa800a024        0x4 ./bsp/build/debug/quark_se/x86/libqmsi/lib\libqmsi_quark_se_1.4.0d.a(qm_rtc.o)
                0xa800a024                qm_rtc
 .data.qm_uart  0xa800a028        0x8 ./bsp/build/debug/quark_se/x86/libqmsi/lib\libqmsi_quark_se_1.4.0d.a(qm_uart.o)
                0xa800a028                qm_uart

.igot.plt       0xa800a030        0x0 load address 0x40032174
 .igot.plt      0xa800a030        0x0 ./debug/quark_se/x86/obj/./main.o

.bss            0xa800a040      0x168
 *(.bss*)
 .bss.cfg.3425  0xa800a040       0x20 ./debug/quark_se/x86/obj/./main.o
 .bss.cfg0.3426
                0xa800a060       0x20 ./debug/quark_se/x86/obj/./main.o
 .bss.stdout_uart_cfg
                0xa800a080        0xc ./debug/quark_se/x86/obj/./newlib-syscalls.o
 *fill*         0xa800a08c       0x14 
 .bss.format_buf.3539
                0xa800a0a0       0x20 ./debug/quark_se/x86/obj/./newlib-syscalls.o
 .bss.uart0_status.3941
                0xa800a0c0        0x4 ./debug/quark_se/x86/obj/cellular_3g.o
 .bss.cb_fired  0xa800a0c4        0x1 ./debug/quark_se/x86/obj/mailbox.o
                0xa800a0c4                cb_fired
 *fill*         0xa800a0c5        0x3 
 .bss.transfer_count
                0xa800a0c8        0x4 ./debug/quark_se/x86/obj/mailbox.o
                0xa800a0c8                transfer_count
 .bss.callback  0xa800a0cc        0x8 ./bsp/build/debug/quark_se/x86/libqmsi/lib\libqmsi_quark_se_1.4.0d.a(qm_gpio.o)
 .bss.callback_data
                0xa800a0d4        0x8 ./bsp/build/debug/quark_se/x86/libqmsi/lib\libqmsi_quark_se_1.4.0d.a(qm_gpio.o)
 *fill*         0xa800a0dc        0x4 
 .bss.mailbox_devs
                0xa800a0e0       0x80 ./bsp/build/debug/quark_se/x86/libqmsi/lib\libqmsi_quark_se_1.4.0d.a(qm_mailbox_se.o)
 .bss.callback  0xa800a160        0x4 ./bsp/build/debug/quark_se/x86/libqmsi/lib\libqmsi_quark_se_1.4.0d.a(qm_rtc.o)
 .bss.callback_data
                0xa800a164        0x4 ./bsp/build/debug/quark_se/x86/libqmsi/lib\libqmsi_quark_se_1.4.0d.a(qm_rtc.o)
 *(COMMON)
 COMMON         0xa800a168       0x40 ./debug/quark_se/x86/obj/mailbox.o
                0xa800a168                mbox_rx
                0xa800a16c                mbox_tx
                0xa800a170                rx_data
                0xa800a184                mbox_rx_config
                0xa800a194                tx_data
                0x40032144                __data_lma = LOADADDR (.data)
                0xa800a000                __data_vma = ADDR (.data)
                0x00000030                __data_size = SIZEOF (.data)
                0xa800a040                __bss_start = ADDR (.bss)
                0x00000168                __bss_size = SIZEOF (.bss)
                0xa800a1a8                __heap = .
                0xa80139e0                __heap_end = ORIGIN (x86_stack)

.comment        0x00000000       0x6e
 *(.comment)
 .comment       0x00000000       0x6e ./debug/quark_se/x86/obj/./main.o
                                 0x6f (size before relaxing)
 .comment       0x0000006e       0x6f ./debug/quark_se/x86/obj/./app_entry.o
 .comment       0x0000006e       0x6f ./debug/quark_se/x86/obj/./newlib-syscalls.o
 .comment       0x0000006e       0x6f ./bsp/soc/quark_se/debug/quark_se/x86/obj/clk.o
 .comment       0x0000006e       0x6f ./bsp/soc/quark_se/debug/quark_se/x86/obj/power_states.o
 .comment       0x0000006e       0x6f ./bsp/soc/quark_se/debug/quark_se/x86/obj/qm_interrupt_router.o
 .comment       0x0000006e       0x6f ./bsp/soc/quark_se/debug/quark_se/x86/obj/ss_init.o
 .comment       0x0000006e       0x6f ./bsp/soc/quark_se/debug/quark_se/x86/obj/vreg.o
 .comment       0x0000006e       0x6f ./debug/quark_se/x86/obj/cellular_3g.o
 .comment       0x0000006e       0x6f ./debug/quark_se/x86/obj/debug_mode.o
 .comment       0x0000006e       0x6f ./debug/quark_se/x86/obj/gpio.o
 .comment       0x0000006e       0x6f ./debug/quark_se/x86/obj/mailbox.o
 .comment       0x0000006e       0x6f ./debug/quark_se/x86/obj/power.o
 .comment       0x0000006e       0x6f ./debug/quark_se/x86/obj/radio.o
 .comment       0x0000006e       0x6f ./debug/quark_se/x86/obj/sensor.o
 .comment       0x0000006e       0x6f ./debug/quark_se/x86/obj/xbee.o
 .comment       0x0000006e       0x6f ./bsp/build/debug/quark_se/x86/libqmsi/lib\libqmsi_quark_se_1.4.0d.a(qm_gpio.o)
 .comment       0x0000006e       0x6f ./bsp/build/debug/quark_se/x86/libqmsi/lib\libqmsi_quark_se_1.4.0d.a(qm_interrupt.o)
 .comment       0x0000006e       0x6f ./bsp/build/debug/quark_se/x86/libqmsi/lib\libqmsi_quark_se_1.4.0d.a(qm_mailbox_se.o)
 .comment       0x0000006e       0x6f ./bsp/build/debug/quark_se/x86/libqmsi/lib\libqmsi_quark_se_1.4.0d.a(qm_mpr.o)
 .comment       0x0000006e       0x6f ./bsp/build/debug/quark_se/x86/libqmsi/lib\libqmsi_quark_se_1.4.0d.a(qm_pinmux.o)
 .comment       0x0000006e       0x6f ./bsp/build/debug/quark_se/x86/libqmsi/lib\libqmsi_quark_se_1.4.0d.a(qm_rtc.o)
 .comment       0x0000006e       0x6f ./bsp/build/debug/quark_se/x86/libqmsi/lib\libqmsi_quark_se_1.4.0d.a(qm_uart.o)
LOAD ./debug/quark_se/x86/obj/./main.o
LOAD ./debug/quark_se/x86/obj/./app_entry.o
LOAD ./debug/quark_se/x86/obj/./newlib-syscalls.o
LOAD ./bsp/soc/quark_se/debug/quark_se/x86/obj/clk.o
LOAD ./bsp/soc/quark_se/debug/quark_se/x86/obj/power_states.o
LOAD ./bsp/soc/quark_se/debug/quark_se/x86/obj/qm_interrupt_router.o
LOAD ./bsp/soc/quark_se/debug/quark_se/x86/obj/ss_init.o
LOAD ./bsp/soc/quark_se/debug/quark_se/x86/obj/vreg.o
LOAD ./debug/quark_se/x86/obj/do_kit103d.o
LOAD ./debug/quark_se/x86/obj/ferti_pump_status.o
LOAD ./debug/quark_se/x86/obj/floatswitch_lv600.o
LOAD ./debug/quark_se/x86/obj/pm25_hpma115.o
LOAD ./debug/quark_se/x86/obj/temp_rh_sht10.o
LOAD ./debug/quark_se/x86/obj/ultrasonic_mb7060.o
LOAD ./debug/quark_se/x86/obj/cellular_3g.o
LOAD ./debug/quark_se/x86/obj/lora.o
LOAD ./debug/quark_se/x86/obj/debug_mode.o
LOAD ./debug/quark_se/x86/obj/gpio.o
LOAD ./debug/quark_se/x86/obj/mailbox.o
LOAD ./debug/quark_se/x86/obj/power.o
LOAD ./debug/quark_se/x86/obj/radio.o
LOAD ./debug/quark_se/x86/obj/sensor.o
LOAD ./debug/quark_se/x86/obj/utilities.o
LOAD ./debug/quark_se/x86/obj/xbee.o
LOAD ./debug/quark_se/x86/obj/usb_device.o
START GROUP
LOAD c:/intelswtools/issm_2016.2.094/tools/compiler/gcc-ia/5.2.1/bin/../lib/gcc/i586-intel-elfiamcu/5.2.1/../../../../i586-intel-elfiamcu/lib\libc.a
LOAD c:/intelswtools/issm_2016.2.094/tools/compiler/gcc-ia/5.2.1/bin/../lib/gcc/i586-intel-elfiamcu/5.2.1/../../../../i586-intel-elfiamcu/lib\libnosys.a
LOAD c:/intelswtools/issm_2016.2.094/tools/compiler/gcc-ia/5.2.1/bin/../lib/gcc/i586-intel-elfiamcu/5.2.1/../../../../i586-intel-elfiamcu/lib\libsoftfp.a
LOAD c:/intelswtools/issm_2016.2.094/tools/compiler/gcc-ia/5.2.1/bin/../lib/gcc/i586-intel-elfiamcu/5.2.1\libgcc.a
LOAD ./bsp/build/debug/quark_se/x86/libqmsi/lib\libqmsi_quark_se_1.4.0d.a
END GROUP
OUTPUT(./debug/quark_se/x86/obj/sensor_hub_106_thingspeak_sensor.elf elf32-iamcu)

.debug_info     0x00000000     0x9e52
 .debug_info    0x00000000      0x340 ./debug/quark_se/x86/obj/./main.o
 .debug_info    0x00000340      0x131 ./debug/quark_se/x86/obj/./app_entry.o
 .debug_info    0x00000471      0xda0 ./debug/quark_se/x86/obj/./newlib-syscalls.o
 .debug_info    0x00001211      0xaf3 ./bsp/soc/quark_se/debug/quark_se/x86/obj/clk.o
 .debug_info    0x00001d04      0x655 ./bsp/soc/quark_se/debug/quark_se/x86/obj/power_states.o
 .debug_info    0x00002359      0x3fc ./bsp/soc/quark_se/debug/quark_se/x86/obj/qm_interrupt_router.o
 .debug_info    0x00002755      0x1d1 ./bsp/soc/quark_se/debug/quark_se/x86/obj/ss_init.o
 .debug_info    0x00002926      0x55f ./bsp/soc/quark_se/debug/quark_se/x86/obj/vreg.o
 .debug_info    0x00002e85      0x8c3 ./debug/quark_se/x86/obj/cellular_3g.o
 .debug_info    0x00003748      0x44c ./debug/quark_se/x86/obj/debug_mode.o
 .debug_info    0x00003b94      0x38f ./debug/quark_se/x86/obj/gpio.o
 .debug_info    0x00003f23      0x5aa ./debug/quark_se/x86/obj/mailbox.o
 .debug_info    0x000044cd      0x2ea ./debug/quark_se/x86/obj/power.o
 .debug_info    0x000047b7       0xdb ./debug/quark_se/x86/obj/radio.o
 .debug_info    0x00004892      0x197 ./debug/quark_se/x86/obj/sensor.o
 .debug_info    0x00004a29      0x21a ./debug/quark_se/x86/obj/xbee.o
 .debug_info    0x00004c43      0xb4f ./bsp/build/debug/quark_se/x86/libqmsi/lib\libqmsi_quark_se_1.4.0d.a(qm_gpio.o)
 .debug_info    0x00005792      0x7f3 ./bsp/build/debug/quark_se/x86/libqmsi/lib\libqmsi_quark_se_1.4.0d.a(qm_interrupt.o)
 .debug_info    0x00005f85      0xc91 ./bsp/build/debug/quark_se/x86/libqmsi/lib\libqmsi_quark_se_1.4.0d.a(qm_mailbox_se.o)
 .debug_info    0x00006c16      0xbfe ./bsp/build/debug/quark_se/x86/libqmsi/lib\libqmsi_quark_se_1.4.0d.a(qm_mpr.o)
 .debug_info    0x00007814      0x55e ./bsp/build/debug/quark_se/x86/libqmsi/lib\libqmsi_quark_se_1.4.0d.a(qm_pinmux.o)
 .debug_info    0x00007d72      0xb82 ./bsp/build/debug/quark_se/x86/libqmsi/lib\libqmsi_quark_se_1.4.0d.a(qm_rtc.o)
 .debug_info    0x000088f4     0x155e ./bsp/build/debug/quark_se/x86/libqmsi/lib\libqmsi_quark_se_1.4.0d.a(qm_uart.o)

.debug_abbrev   0x00000000     0x1fd1
 .debug_abbrev  0x00000000       0xed ./debug/quark_se/x86/obj/./main.o
 .debug_abbrev  0x000000ed       0x73 ./debug/quark_se/x86/obj/./app_entry.o
 .debug_abbrev  0x00000160      0x23d ./debug/quark_se/x86/obj/./newlib-syscalls.o
 .debug_abbrev  0x0000039d      0x27b ./bsp/soc/quark_se/debug/quark_se/x86/obj/clk.o
 .debug_abbrev  0x00000618      0x126 ./bsp/soc/quark_se/debug/quark_se/x86/obj/power_states.o
 .debug_abbrev  0x0000073e       0xf2 ./bsp/soc/quark_se/debug/quark_se/x86/obj/qm_interrupt_router.o
 .debug_abbrev  0x00000830      0x11a ./bsp/soc/quark_se/debug/quark_se/x86/obj/ss_init.o
 .debug_abbrev  0x0000094a      0x124 ./bsp/soc/quark_se/debug/quark_se/x86/obj/vreg.o
 .debug_abbrev  0x00000a6e      0x17a ./debug/quark_se/x86/obj/cellular_3g.o
 .debug_abbrev  0x00000be8       0xbe ./debug/quark_se/x86/obj/debug_mode.o
 .debug_abbrev  0x00000ca6       0xe8 ./debug/quark_se/x86/obj/gpio.o
 .debug_abbrev  0x00000d8e      0x14f ./debug/quark_se/x86/obj/mailbox.o
 .debug_abbrev  0x00000edd      0x181 ./debug/quark_se/x86/obj/power.o
 .debug_abbrev  0x0000105e       0x88 ./debug/quark_se/x86/obj/radio.o
 .debug_abbrev  0x000010e6       0x92 ./debug/quark_se/x86/obj/sensor.o
 .debug_abbrev  0x00001178       0xc0 ./debug/quark_se/x86/obj/xbee.o
 .debug_abbrev  0x00001238      0x1d0 ./bsp/build/debug/quark_se/x86/libqmsi/lib\libqmsi_quark_se_1.4.0d.a(qm_gpio.o)
 .debug_abbrev  0x00001408      0x26e ./bsp/build/debug/quark_se/x86/libqmsi/lib\libqmsi_quark_se_1.4.0d.a(qm_interrupt.o)
 .debug_abbrev  0x00001676      0x206 ./bsp/build/debug/quark_se/x86/libqmsi/lib\libqmsi_quark_se_1.4.0d.a(qm_mailbox_se.o)
 .debug_abbrev  0x0000187c      0x1c3 ./bsp/build/debug/quark_se/x86/libqmsi/lib\libqmsi_quark_se_1.4.0d.a(qm_mpr.o)
 .debug_abbrev  0x00001a3f      0x124 ./bsp/build/debug/quark_se/x86/libqmsi/lib\libqmsi_quark_se_1.4.0d.a(qm_pinmux.o)
 .debug_abbrev  0x00001b63      0x1c5 ./bsp/build/debug/quark_se/x86/libqmsi/lib\libqmsi_quark_se_1.4.0d.a(qm_rtc.o)
 .debug_abbrev  0x00001d28      0x2a9 ./bsp/build/debug/quark_se/x86/libqmsi/lib\libqmsi_quark_se_1.4.0d.a(qm_uart.o)

.debug_aranges  0x00000000      0x700
 .debug_aranges
                0x00000000       0x20 ./debug/quark_se/x86/obj/./main.o
 .debug_aranges
                0x00000020       0x20 ./debug/quark_se/x86/obj/./app_entry.o
 .debug_aranges
                0x00000040       0x90 ./debug/quark_se/x86/obj/./newlib-syscalls.o
 .debug_aranges
                0x000000d0       0xa8 ./bsp/soc/quark_se/debug/quark_se/x86/obj/clk.o
 .debug_aranges
                0x00000178       0x60 ./bsp/soc/quark_se/debug/quark_se/x86/obj/power_states.o
 .debug_aranges
                0x000001d8       0x28 ./bsp/soc/quark_se/debug/quark_se/x86/obj/qm_interrupt_router.o
 .debug_aranges
                0x00000200       0x28 ./bsp/soc/quark_se/debug/quark_se/x86/obj/ss_init.o
 .debug_aranges
                0x00000228       0x40 ./bsp/soc/quark_se/debug/quark_se/x86/obj/vreg.o
 .debug_aranges
                0x00000268       0x30 ./debug/quark_se/x86/obj/cellular_3g.o
 .debug_aranges
                0x00000298       0x20 ./debug/quark_se/x86/obj/debug_mode.o
 .debug_aranges
                0x000002b8       0x40 ./debug/quark_se/x86/obj/gpio.o
 .debug_aranges
                0x000002f8       0x48 ./debug/quark_se/x86/obj/mailbox.o
 .debug_aranges
                0x00000340       0x38 ./debug/quark_se/x86/obj/power.o
 .debug_aranges
                0x00000378       0x20 ./debug/quark_se/x86/obj/radio.o
 .debug_aranges
                0x00000398       0x20 ./debug/quark_se/x86/obj/sensor.o
 .debug_aranges
                0x000003b8       0x28 ./debug/quark_se/x86/obj/xbee.o
 .debug_aranges
                0x000003e0       0x78 ./bsp/build/debug/quark_se/x86/libqmsi/lib\libqmsi_quark_se_1.4.0d.a(qm_gpio.o)
 .debug_aranges
                0x00000458       0xb0 ./bsp/build/debug/quark_se/x86/libqmsi/lib\libqmsi_quark_se_1.4.0d.a(qm_interrupt.o)
 .debug_aranges
                0x00000508       0x48 ./bsp/build/debug/quark_se/x86/libqmsi/lib\libqmsi_quark_se_1.4.0d.a(qm_mailbox_se.o)
 .debug_aranges
                0x00000550       0x40 ./bsp/build/debug/quark_se/x86/libqmsi/lib\libqmsi_quark_se_1.4.0d.a(qm_mpr.o)
 .debug_aranges
                0x00000590       0x48 ./bsp/build/debug/quark_se/x86/libqmsi/lib\libqmsi_quark_se_1.4.0d.a(qm_pinmux.o)
 .debug_aranges
                0x000005d8       0x48 ./bsp/build/debug/quark_se/x86/libqmsi/lib\libqmsi_quark_se_1.4.0d.a(qm_rtc.o)
 .debug_aranges
                0x00000620       0xe0 ./bsp/build/debug/quark_se/x86/libqmsi/lib\libqmsi_quark_se_1.4.0d.a(qm_uart.o)

.debug_ranges   0x00000000      0x5c0
 .debug_ranges  0x00000000       0x10 ./debug/quark_se/x86/obj/./main.o
 .debug_ranges  0x00000010       0x10 ./debug/quark_se/x86/obj/./app_entry.o
 .debug_ranges  0x00000020       0x80 ./debug/quark_se/x86/obj/./newlib-syscalls.o
 .debug_ranges  0x000000a0       0x98 ./bsp/soc/quark_se/debug/quark_se/x86/obj/clk.o
 .debug_ranges  0x00000138       0x50 ./bsp/soc/quark_se/debug/quark_se/x86/obj/power_states.o
 .debug_ranges  0x00000188       0x18 ./bsp/soc/quark_se/debug/quark_se/x86/obj/qm_interrupt_router.o
 .debug_ranges  0x000001a0       0x18 ./bsp/soc/quark_se/debug/quark_se/x86/obj/ss_init.o
 .debug_ranges  0x000001b8       0x30 ./bsp/soc/quark_se/debug/quark_se/x86/obj/vreg.o
 .debug_ranges  0x000001e8       0x38 ./debug/quark_se/x86/obj/cellular_3g.o
 .debug_ranges  0x00000220       0x10 ./debug/quark_se/x86/obj/debug_mode.o
 .debug_ranges  0x00000230       0x30 ./debug/quark_se/x86/obj/gpio.o
 .debug_ranges  0x00000260       0x38 ./debug/quark_se/x86/obj/mailbox.o
 .debug_ranges  0x00000298       0x28 ./debug/quark_se/x86/obj/power.o
 .debug_ranges  0x000002c0       0x10 ./debug/quark_se/x86/obj/radio.o
 .debug_ranges  0x000002d0       0x10 ./debug/quark_se/x86/obj/sensor.o
 .debug_ranges  0x000002e0       0x18 ./debug/quark_se/x86/obj/xbee.o
 .debug_ranges  0x000002f8       0x68 ./bsp/build/debug/quark_se/x86/libqmsi/lib\libqmsi_quark_se_1.4.0d.a(qm_gpio.o)
 .debug_ranges  0x00000360       0xa0 ./bsp/build/debug/quark_se/x86/libqmsi/lib\libqmsi_quark_se_1.4.0d.a(qm_interrupt.o)
 .debug_ranges  0x00000400       0x38 ./bsp/build/debug/quark_se/x86/libqmsi/lib\libqmsi_quark_se_1.4.0d.a(qm_mailbox_se.o)
 .debug_ranges  0x00000438       0x30 ./bsp/build/debug/quark_se/x86/libqmsi/lib\libqmsi_quark_se_1.4.0d.a(qm_mpr.o)
 .debug_ranges  0x00000468       0x38 ./bsp/build/debug/quark_se/x86/libqmsi/lib\libqmsi_quark_se_1.4.0d.a(qm_pinmux.o)
 .debug_ranges  0x000004a0       0x38 ./bsp/build/debug/quark_se/x86/libqmsi/lib\libqmsi_quark_se_1.4.0d.a(qm_rtc.o)
 .debug_ranges  0x000004d8       0xe8 ./bsp/build/debug/quark_se/x86/libqmsi/lib\libqmsi_quark_se_1.4.0d.a(qm_uart.o)

.debug_line     0x00000000     0x3835
 .debug_line    0x00000000      0x19c ./debug/quark_se/x86/obj/./main.o
 .debug_line    0x0000019c      0x1a6 ./debug/quark_se/x86/obj/./app_entry.o
 .debug_line    0x00000342      0x474 ./debug/quark_se/x86/obj/./newlib-syscalls.o
 .debug_line    0x000007b6      0x470 ./bsp/soc/quark_se/debug/quark_se/x86/obj/clk.o
 .debug_line    0x00000c26      0x223 ./bsp/soc/quark_se/debug/quark_se/x86/obj/power_states.o
 .debug_line    0x00000e49      0x1ac ./bsp/soc/quark_se/debug/quark_se/x86/obj/qm_interrupt_router.o
 .debug_line    0x00000ff5      0x192 ./bsp/soc/quark_se/debug/quark_se/x86/obj/ss_init.o
 .debug_line    0x00001187      0x1f8 ./bsp/soc/quark_se/debug/quark_se/x86/obj/vreg.o
 .debug_line    0x0000137f      0x307 ./debug/quark_se/x86/obj/cellular_3g.o
 .debug_line    0x00001686      0x198 ./debug/quark_se/x86/obj/debug_mode.o
 .debug_line    0x0000181e      0x1e1 ./debug/quark_se/x86/obj/gpio.o
 .debug_line    0x000019ff      0x22e ./debug/quark_se/x86/obj/mailbox.o
 .debug_line    0x00001c2d      0x1e6 ./debug/quark_se/x86/obj/power.o
 .debug_line    0x00001e13      0x13b ./debug/quark_se/x86/obj/radio.o
 .debug_line    0x00001f4e      0x16a ./debug/quark_se/x86/obj/sensor.o
 .debug_line    0x000020b8      0x18e ./debug/quark_se/x86/obj/xbee.o
 .debug_line    0x00002246      0x305 ./bsp/build/debug/quark_se/x86/libqmsi/lib\libqmsi_quark_se_1.4.0d.a(qm_gpio.o)
 .debug_line    0x0000254b      0x372 ./bsp/build/debug/quark_se/x86/libqmsi/lib\libqmsi_quark_se_1.4.0d.a(qm_interrupt.o)
 .debug_line    0x000028bd      0x2a6 ./bsp/build/debug/quark_se/x86/libqmsi/lib\libqmsi_quark_se_1.4.0d.a(qm_mailbox_se.o)
 .debug_line    0x00002b63      0x23f ./bsp/build/debug/quark_se/x86/libqmsi/lib\libqmsi_quark_se_1.4.0d.a(qm_mpr.o)
 .debug_line    0x00002da2      0x218 ./bsp/build/debug/quark_se/x86/libqmsi/lib\libqmsi_quark_se_1.4.0d.a(qm_pinmux.o)
 .debug_line    0x00002fba      0x252 ./bsp/build/debug/quark_se/x86/libqmsi/lib\libqmsi_quark_se_1.4.0d.a(qm_rtc.o)
 .debug_line    0x0000320c      0x629 ./bsp/build/debug/quark_se/x86/libqmsi/lib\libqmsi_quark_se_1.4.0d.a(qm_uart.o)

.debug_str      0x00000000     0x360b
 .debug_str     0x00000000      0x46b ./debug/quark_se/x86/obj/./main.o
                                0x4f6 (size before relaxing)
 .debug_str     0x0000046b       0x54 ./debug/quark_se/x86/obj/./app_entry.o
                                0x206 (size before relaxing)
 .debug_str     0x000004bf      0xb1e ./debug/quark_se/x86/obj/./newlib-syscalls.o
                                0xef2 (size before relaxing)
 .debug_str     0x00000fdd      0x740 ./bsp/soc/quark_se/debug/quark_se/x86/obj/clk.o
                                0xd27 (size before relaxing)
 .debug_str     0x0000171d      0x217 ./bsp/soc/quark_se/debug/quark_se/x86/obj/power_states.o
                                0x743 (size before relaxing)
 .debug_str     0x00001934      0x424 ./bsp/soc/quark_se/debug/quark_se/x86/obj/qm_interrupt_router.o
                                0x5ee (size before relaxing)
 .debug_str     0x00001d58       0xf6 ./bsp/soc/quark_se/debug/quark_se/x86/obj/ss_init.o
                                0x2e8 (size before relaxing)
 .debug_str     0x00001e4e       0xc4 ./bsp/soc/quark_se/debug/quark_se/x86/obj/vreg.o
                                0x5bf (size before relaxing)
 .debug_str     0x00001f12       0xbd ./debug/quark_se/x86/obj/cellular_3g.o
                                0xae1 (size before relaxing)
 .debug_str     0x00001fcf       0x2e ./debug/quark_se/x86/obj/debug_mode.o
                                0x958 (size before relaxing)
 .debug_str     0x00001ffd       0x51 ./debug/quark_se/x86/obj/gpio.o
                                0x64c (size before relaxing)
 .debug_str     0x0000204e      0x26b ./debug/quark_se/x86/obj/mailbox.o
                                0x6b9 (size before relaxing)
 .debug_str     0x000022b9       0xf6 ./debug/quark_se/x86/obj/power.o
                                0x40d (size before relaxing)
 .debug_str     0x000023af       0x2e ./debug/quark_se/x86/obj/radio.o
                                0x1ec (size before relaxing)
 .debug_str     0x000023dd       0x2c ./debug/quark_se/x86/obj/sensor.o
                                0x38d (size before relaxing)
 .debug_str     0x00002409       0x2f ./debug/quark_se/x86/obj/xbee.o
                                0x3df (size before relaxing)
 .debug_str     0x00002438      0x20c ./bsp/build/debug/quark_se/x86/libqmsi/lib\libqmsi_quark_se_1.4.0d.a(qm_gpio.o)
                                0x7f0 (size before relaxing)
 .debug_str     0x00002644      0x206 ./bsp/build/debug/quark_se/x86/libqmsi/lib\libqmsi_quark_se_1.4.0d.a(qm_interrupt.o)
                                0x4fd (size before relaxing)
 .debug_str     0x0000284a      0x160 ./bsp/build/debug/quark_se/x86/libqmsi/lib\libqmsi_quark_se_1.4.0d.a(qm_mailbox_se.o)
                                0xbfd (size before relaxing)
 .debug_str     0x000029aa      0x12d ./bsp/build/debug/quark_se/x86/libqmsi/lib\libqmsi_quark_se_1.4.0d.a(qm_mpr.o)
                                0xafa (size before relaxing)
 .debug_str     0x00002ad7      0x14f ./bsp/build/debug/quark_se/x86/libqmsi/lib\libqmsi_quark_se_1.4.0d.a(qm_pinmux.o)
                                0x6df (size before relaxing)
 .debug_str     0x00002c26       0x8a ./bsp/build/debug/quark_se/x86/libqmsi/lib\libqmsi_quark_se_1.4.0d.a(qm_rtc.o)
                                0xb10 (size before relaxing)
 .debug_str     0x00002cb0      0x95b ./bsp/build/debug/quark_se/x86/libqmsi/lib\libqmsi_quark_se_1.4.0d.a(qm_uart.o)
                               0x1134 (size before relaxing)

.debug_frame    0x00000000     0x15b8
 .debug_frame   0x00000000       0x2c ./debug/quark_se/x86/obj/./main.o
 .debug_frame   0x0000002c       0x2c ./debug/quark_se/x86/obj/./app_entry.o
 .debug_frame   0x00000058      0x1f0 ./debug/quark_se/x86/obj/./newlib-syscalls.o
 .debug_frame   0x00000248      0x25c ./bsp/soc/quark_se/debug/quark_se/x86/obj/clk.o
 .debug_frame   0x000004a4      0x12c ./bsp/soc/quark_se/debug/quark_se/x86/obj/power_states.o
 .debug_frame   0x000005d0       0x54 ./bsp/soc/quark_se/debug/quark_se/x86/obj/qm_interrupt_router.o
 .debug_frame   0x00000624       0x54 ./bsp/soc/quark_se/debug/quark_se/x86/obj/ss_init.o
 .debug_frame   0x00000678       0xb4 ./bsp/soc/quark_se/debug/quark_se/x86/obj/vreg.o
 .debug_frame   0x0000072c       0x80 ./debug/quark_se/x86/obj/cellular_3g.o
 .debug_frame   0x000007ac       0x34 ./debug/quark_se/x86/obj/debug_mode.o
 .debug_frame   0x000007e0       0xb4 ./debug/quark_se/x86/obj/gpio.o
 .debug_frame   0x00000894       0xd4 ./debug/quark_se/x86/obj/mailbox.o
 .debug_frame   0x00000968       0x94 ./debug/quark_se/x86/obj/power.o
 .debug_frame   0x000009fc       0x34 ./debug/quark_se/x86/obj/radio.o
 .debug_frame   0x00000a30       0x34 ./debug/quark_se/x86/obj/sensor.o
 .debug_frame   0x00000a64       0x54 ./debug/quark_se/x86/obj/xbee.o
 .debug_frame   0x00000ab8      0x1c0 ./bsp/build/debug/quark_se/x86/libqmsi/lib\libqmsi_quark_se_1.4.0d.a(qm_gpio.o)
 .debug_frame   0x00000c78      0x274 ./bsp/build/debug/quark_se/x86/libqmsi/lib\libqmsi_quark_se_1.4.0d.a(qm_interrupt.o)
 .debug_frame   0x00000eec       0xe8 ./bsp/build/debug/quark_se/x86/libqmsi/lib\libqmsi_quark_se_1.4.0d.a(qm_mailbox_se.o)
 .debug_frame   0x00000fd4       0xc4 ./bsp/build/debug/quark_se/x86/libqmsi/lib\libqmsi_quark_se_1.4.0d.a(qm_mpr.o)
 .debug_frame   0x00001098       0xdc ./bsp/build/debug/quark_se/x86/libqmsi/lib\libqmsi_quark_se_1.4.0d.a(qm_pinmux.o)
 .debug_frame   0x00001174       0xe4 ./bsp/build/debug/quark_se/x86/libqmsi/lib\libqmsi_quark_se_1.4.0d.a(qm_rtc.o)
 .debug_frame   0x00001258      0x360 ./bsp/build/debug/quark_se/x86/libqmsi/lib\libqmsi_quark_se_1.4.0d.a(qm_uart.o)
